Performing C++ SOURCE FILE Test CXX_FLAG__std_c_20 failed with the following output:
Change Dir: /root/openGauss-third_party/dependency/nghttp2/nghttp2/CMakeFiles/CMakeTmp

Run Build Command(s):/usr/bin/gmake cmTC_a0615/fast && /usr/bin/gmake  -f CMakeFiles/cmTC_a0615.dir/build.make CMakeFiles/cmTC_a0615.dir/build
gmake[1]: Entering directory '/root/openGauss-third_party/dependency/nghttp2/nghttp2/CMakeFiles/CMakeTmp'
Building CXX object CMakeFiles/cmTC_a0615.dir/src.cxx.o
/usr/bin/c++    -DCXX_FLAG__std_c_20   -std=c++20 -o CMakeFiles/cmTC_a0615.dir/src.cxx.o -c /root/openGauss-third_party/dependency/nghttp2/nghttp2/CMakeFiles/CMakeTmp/src.cxx
c++: error: unrecognized command line option '-std=c++20'; did you mean '-std=c++2a'?
gmake[1]: *** [CMakeFiles/cmTC_a0615.dir/build.make:86: CMakeFiles/cmTC_a0615.dir/src.cxx.o] Error 1
gmake[1]: Leaving directory '/root/openGauss-third_party/dependency/nghttp2/nghttp2/CMakeFiles/CMakeTmp'
gmake: *** [Makefile:141: cmTC_a0615/fast] Error 2


Source file was:
int main() { return 0; }
Performing C SOURCE FILE Test CMAKE_HAVE_LIBC_PTHREAD failed with the following output:
Change Dir: /root/openGauss-third_party/dependency/nghttp2/nghttp2/CMakeFiles/CMakeTmp

Run Build Command(s):/usr/bin/gmake cmTC_2451c/fast && /usr/bin/gmake  -f CMakeFiles/cmTC_2451c.dir/build.make CMakeFiles/cmTC_2451c.dir/build
gmake[1]: Entering directory '/root/openGauss-third_party/dependency/nghttp2/nghttp2/CMakeFiles/CMakeTmp'
Building C object CMakeFiles/cmTC_2451c.dir/src.c.o
/usr/bin/cc   -DCMAKE_HAVE_LIBC_PTHREAD   -o CMakeFiles/cmTC_2451c.dir/src.c.o   -c /root/openGauss-third_party/dependency/nghttp2/nghttp2/CMakeFiles/CMakeTmp/src.c
Linking C executable cmTC_2451c
/usr/bin/cmake -E cmake_link_script CMakeFiles/cmTC_2451c.dir/link.txt --verbose=1
/usr/bin/cc  -DCMAKE_HAVE_LIBC_PTHREAD    CMakeFiles/cmTC_2451c.dir/src.c.o  -o cmTC_2451c 
/usr/bin/ld: CMakeFiles/cmTC_2451c.dir/src.c.o: in function `main':
src.c:(.text+0x64): undefined reference to `pthread_create'
/usr/bin/ld: src.c:(.text+0x80): undefined reference to `pthread_detach'
/usr/bin/ld: src.c:(.text+0x9c): undefined reference to `pthread_cancel'
/usr/bin/ld: src.c:(.text+0xbc): undefined reference to `pthread_join'
collect2: error: ld returned 1 exit status
gmake[1]: *** [CMakeFiles/cmTC_2451c.dir/build.make:107: cmTC_2451c] Error 1
gmake[1]: Leaving directory '/root/openGauss-third_party/dependency/nghttp2/nghttp2/CMakeFiles/CMakeTmp'
gmake: *** [Makefile:141: cmTC_2451c/fast] Error 2


Source file was:
#include <pthread.h>

void* test_func(void* data)
{
  return data;
}

int main(void)
{
  pthread_t thread;
  pthread_create(&thread, NULL, test_func, NULL);
  pthread_detach(thread);
  pthread_cancel(thread);
  pthread_join(thread, NULL);
  pthread_atfork(NULL, NULL, NULL);
  pthread_exit(NULL);

  return 0;
}

Determining if the function pthread_create exists in the pthreads failed with the following output:
Change Dir: /root/openGauss-third_party/dependency/nghttp2/nghttp2/CMakeFiles/CMakeTmp

Run Build Command(s):/usr/bin/gmake cmTC_58c93/fast && /usr/bin/gmake  -f CMakeFiles/cmTC_58c93.dir/build.make CMakeFiles/cmTC_58c93.dir/build
gmake[1]: Entering directory '/root/openGauss-third_party/dependency/nghttp2/nghttp2/CMakeFiles/CMakeTmp'
Building C object CMakeFiles/cmTC_58c93.dir/CheckFunctionExists.c.o
/usr/bin/cc   -DCHECK_FUNCTION_EXISTS=pthread_create   -o CMakeFiles/cmTC_58c93.dir/CheckFunctionExists.c.o   -c /usr/share/cmake/Modules/CheckFunctionExists.c
Linking C executable cmTC_58c93
/usr/bin/cmake -E cmake_link_script CMakeFiles/cmTC_58c93.dir/link.txt --verbose=1
/usr/bin/cc  -DCHECK_FUNCTION_EXISTS=pthread_create    CMakeFiles/cmTC_58c93.dir/CheckFunctionExists.c.o  -o cmTC_58c93  -lpthreads 
/usr/bin/ld: cannot find -lpthreads
collect2: error: ld returned 1 exit status
gmake[1]: *** [CMakeFiles/cmTC_58c93.dir/build.make:107: cmTC_58c93] Error 1
gmake[1]: Leaving directory '/root/openGauss-third_party/dependency/nghttp2/nghttp2/CMakeFiles/CMakeTmp'
gmake: *** [Makefile:141: cmTC_58c93/fast] Error 2



Determining if the include file windows.h exists failed with the following output:
Change Dir: /root/openGauss-third_party/dependency/nghttp2/nghttp2/CMakeFiles/CMakeTmp

Run Build Command(s):/usr/bin/gmake cmTC_369d9/fast && /usr/bin/gmake  -f CMakeFiles/cmTC_369d9.dir/build.make CMakeFiles/cmTC_369d9.dir/build
gmake[1]: Entering directory '/root/openGauss-third_party/dependency/nghttp2/nghttp2/CMakeFiles/CMakeTmp'
Building C object CMakeFiles/cmTC_369d9.dir/CheckIncludeFile.c.o
/usr/bin/cc    -o CMakeFiles/cmTC_369d9.dir/CheckIncludeFile.c.o   -c /root/openGauss-third_party/dependency/nghttp2/nghttp2/CMakeFiles/CMakeTmp/CheckIncludeFile.c
/root/openGauss-third_party/dependency/nghttp2/nghttp2/CMakeFiles/CMakeTmp/CheckIncludeFile.c:1:10: fatal error: windows.h: No such file or directory
 #include <windows.h>
          ^~~~~~~~~~~
compilation terminated.
gmake[1]: *** [CMakeFiles/cmTC_369d9.dir/build.make:86: CMakeFiles/cmTC_369d9.dir/CheckIncludeFile.c.o] Error 1
gmake[1]: Leaving directory '/root/openGauss-third_party/dependency/nghttp2/nghttp2/CMakeFiles/CMakeTmp'
gmake: *** [Makefile:141: cmTC_369d9/fast] Error 2



Determining if the GetTickCount64 exist failed with the following output:
Change Dir: /root/openGauss-third_party/dependency/nghttp2/nghttp2/CMakeFiles/CMakeTmp

Run Build Command(s):/usr/bin/gmake cmTC_82f76/fast && /usr/bin/gmake  -f CMakeFiles/cmTC_82f76.dir/build.make CMakeFiles/cmTC_82f76.dir/build
gmake[1]: Entering directory '/root/openGauss-third_party/dependency/nghttp2/nghttp2/CMakeFiles/CMakeTmp'
Building C object CMakeFiles/cmTC_82f76.dir/CheckSymbolExists.c.o
/usr/bin/cc    -o CMakeFiles/cmTC_82f76.dir/CheckSymbolExists.c.o   -c /root/openGauss-third_party/dependency/nghttp2/nghttp2/CMakeFiles/CMakeTmp/CheckSymbolExists.c
/root/openGauss-third_party/dependency/nghttp2/nghttp2/CMakeFiles/CMakeTmp/CheckSymbolExists.c:2:10: fatal error: sysinfoapi.h: No such file or directory
 #include <sysinfoapi.h>
          ^~~~~~~~~~~~~~
compilation terminated.
gmake[1]: *** [CMakeFiles/cmTC_82f76.dir/build.make:86: CMakeFiles/cmTC_82f76.dir/CheckSymbolExists.c.o] Error 1
gmake[1]: Leaving directory '/root/openGauss-third_party/dependency/nghttp2/nghttp2/CMakeFiles/CMakeTmp'
gmake: *** [Makefile:141: cmTC_82f76/fast] Error 2


File /root/openGauss-third_party/dependency/nghttp2/nghttp2/CMakeFiles/CMakeTmp/CheckSymbolExists.c:
/* */
#include <sysinfoapi.h>

int main(int argc, char** argv)
{
  (void)argv;
#ifndef GetTickCount64
  return ((int*)(&GetTickCount64))[argc];
#else
  (void)argc;
  return 0;
#endif
}
