This file contains any messages produced by compilers while
running configure, to aid debugging if configure makes a mistake.

It was created by PCRE configure 8.45, which was
generated by GNU Autoconf 2.69.  Invocation command line was

  $ ./configure CFLAGS=-fPIC -fstack-protector-all --param ssp-buffer-size=4 -Wstack-protector CPPFLAGS=-fPIC -fstack-protector-all --param ssp-buffer-size=4 -Wstack-protector LDFLAGS=-Wl,-z,relro,-z,now --prefix=/root/openGauss-third_party/dependency/pcre/install_comm --enable-utf --disable-rpath

## --------- ##
## Platform. ##
## --------- ##

hostname = gauss1
uname -m = sw_64
uname -r = 4.19.90-52.37.v2207.17.ky10.sw_64
uname -s = Linux
uname -v = #1 SMP Fri Jan 17 14:09:25 CST 2025

/usr/bin/uname -p = sw_64
/bin/uname -X     = unknown

/bin/arch              = sw_64
/usr/bin/arch -k       = unknown
/usr/convex/getsysinfo = unknown
/usr/bin/hostinfo      = unknown
/bin/machine           = unknown
/usr/bin/oslevel       = unknown
/bin/universe          = unknown

PATH: /usr/local/sbin
PATH: /usr/local/bin
PATH: /usr/sbin
PATH: /usr/bin
PATH: /root/bin


## ----------- ##
## Core tests. ##
## ----------- ##

configure:2812: checking for a BSD-compatible install
configure:2880: result: /usr/bin/install -c
configure:2891: checking whether build environment is sane
configure:2946: result: yes
configure:3095: checking for a thread-safe mkdir -p
configure:3134: result: /usr/bin/mkdir -p
configure:3141: checking for gawk
configure:3157: found /usr/bin/gawk
configure:3168: result: gawk
configure:3179: checking whether make sets $(MAKE)
configure:3201: result: yes
configure:3230: checking whether make supports nested variables
configure:3247: result: yes
configure:3384: checking whether make supports nested variables
configure:3401: result: yes
configure:3420: checking whether make supports the include directive
configure:3435: make -f confmf.GNU && cat confinc.out
this is the am__doit target
configure:3438: $? = 0
configure:3457: result: yes (GNU style)
configure:3527: checking for gcc
configure:3543: found /usr/bin/gcc
configure:3554: result: gcc
configure:3783: checking for C compiler version
configure:3792: gcc --version >&5
gcc (GCC) 8.3.0
Copyright (C) 2018 Free Software Foundation, Inc.
This is free software; see the source for copying conditions.  There is NO
warranty; not even for MERCHANTABILITY or FITNESS FOR A PARTICULAR PURPOSE.

configure:3803: $? = 0
configure:3792: gcc -v >&5
Using built-in specs.
COLLECT_GCC=gcc
COLLECT_LTO_WRAPPER=/usr/libexec/gcc/sw_64-sunway-linux-gnu/8.3.0/lto-wrapper
Target: sw_64-sunway-linux-gnu
Configured with: ../configure --prefix=/usr --mandir=/usr/share/man --infodir=/usr/share/info --enable-shared --enable-languages=c,c++,fortran,go,lto --build=sw_64-sunway-linux-gnu --host=sw_64-sunway-linux-gnu --target=sw_64-sunway-linux-gnu --disable-multilib --disable-bootstrap --enable-c99 --enable-long-long --enable-threads=posix --enable-__cxa_atexit --disable-nls --enable-gnu-indirect-function --enable-multiarch --enable-browser-plugin --enable-linker-build-id --disable-gnu-unique-object --enable-libsanitizer --disable-libquadmath-support --with-cpu=sw8a
Thread model: posix
gcc version 8.3.0  (ID:) (GCC) 
configure:3803: $? = 0
configure:3792: gcc -V >&5
gcc: error: unrecognized command line option '-V'
gcc: fatal error: no input files
compilation terminated.
configure:3803: $? = 1
configure:3792: gcc -qversion >&5
gcc: error: unrecognized command line option '-qversion'; did you mean '--version'?
gcc: fatal error: no input files
compilation terminated.
configure:3803: $? = 1
configure:3823: checking whether the C compiler works
configure:3845: gcc -fPIC -fstack-protector-all --param ssp-buffer-size=4 -Wstack-protector -fPIC -fstack-protector-all --param ssp-buffer-size=4 -Wstack-protector -Wl,-z,relro,-z,now conftest.c  >&5
configure:3849: $? = 0
configure:3897: result: yes
configure:3900: checking for C compiler default output file name
configure:3902: result: a.out
configure:3908: checking for suffix of executables
configure:3915: gcc -o conftest -fPIC -fstack-protector-all --param ssp-buffer-size=4 -Wstack-protector -fPIC -fstack-protector-all --param ssp-buffer-size=4 -Wstack-protector -Wl,-z,relro,-z,now conftest.c  >&5
configure:3919: $? = 0
configure:3941: result: 
configure:3963: checking whether we are cross compiling
configure:3971: gcc -o conftest -fPIC -fstack-protector-all --param ssp-buffer-size=4 -Wstack-protector -fPIC -fstack-protector-all --param ssp-buffer-size=4 -Wstack-protector -Wl,-z,relro,-z,now conftest.c  >&5
configure:3975: $? = 0
configure:3982: ./conftest
configure:3986: $? = 0
configure:3974: result: no
configure:3979: checking for suffix of object files
configure:4001: gcc -c -fPIC -fstack-protector-all --param ssp-buffer-size=4 -Wstack-protector -fPIC -fstack-protector-all --param ssp-buffer-size=4 -Wstack-protector conftest.c >&5
configure:4005: $? = 0
configure:4026: result: o
configure:4030: checking whether we are using the GNU C compiler
configure:4049: gcc -c -fPIC -fstack-protector-all --param ssp-buffer-size=4 -Wstack-protector -fPIC -fstack-protector-all --param ssp-buffer-size=4 -Wstack-protector conftest.c >&5
configure:4049: $? = 0
configure:4058: result: yes
configure:4067: checking whether gcc accepts -g
configure:4087: gcc -c -g -fPIC -fstack-protector-all --param ssp-buffer-size=4 -Wstack-protector conftest.c >&5
configure:4087: $? = 0
configure:4128: result: yes
configure:4145: checking for gcc option to accept ISO C89
configure:4208: gcc  -c -fPIC -fstack-protector-all --param ssp-buffer-size=4 -Wstack-protector -fPIC -fstack-protector-all --param ssp-buffer-size=4 -Wstack-protector conftest.c >&5
configure:4208: $? = 0
configure:4221: result: none needed
configure:4246: checking whether gcc understands -c and -o together
configure:4268: gcc -c conftest.c -o conftest2.o
configure:4271: $? = 0
configure:4268: gcc -c conftest.c -o conftest2.o
configure:4271: $? = 0
configure:4283: result: yes
configure:4302: checking dependency style of gcc
configure:4413: result: gcc3
configure:4478: checking for ar
configure:4494: found /usr/bin/ar
configure:4505: result: ar
configure:4531: checking the archiver (ar) interface
configure:4547: gcc -c -fPIC -fstack-protector-all --param ssp-buffer-size=4 -Wstack-protector -fPIC -fstack-protector-all --param ssp-buffer-size=4 -Wstack-protector conftest.c >&5
configure:4547: $? = 0
configure:4549: ar cru libconftest.a conftest.o >&5
configure:4552: $? = 0
configure:4551: result: ar
configure:4636: checking for gcc
configure:4663: result: gcc
configure:4892: checking for C compiler version
configure:4901: gcc --version >&5
gcc (GCC) 8.3.0
Copyright (C) 2018 Free Software Foundation, Inc.
This is free software; see the source for copying conditions.  There is NO
warranty; not even for MERCHANTABILITY or FITNESS FOR A PARTICULAR PURPOSE.

configure:4912: $? = 0
configure:4901: gcc -v >&5
Using built-in specs.
COLLECT_GCC=gcc
COLLECT_LTO_WRAPPER=/usr/libexec/gcc/sw_64-sunway-linux-gnu/8.3.0/lto-wrapper
Target: sw_64-sunway-linux-gnu
Configured with: ../configure --prefix=/usr --mandir=/usr/share/man --infodir=/usr/share/info --enable-shared --enable-languages=c,c++,fortran,go,lto --build=sw_64-sunway-linux-gnu --host=sw_64-sunway-linux-gnu --target=sw_64-sunway-linux-gnu --disable-multilib --disable-bootstrap --enable-c99 --enable-long-long --enable-threads=posix --enable-__cxa_atexit --disable-nls --enable-gnu-indirect-function --enable-multiarch --enable-browser-plugin --enable-linker-build-id --disable-gnu-unique-object --enable-libsanitizer --disable-libquadmath-support --with-cpu=sw8a
Thread model: posix
gcc version 8.3.0  (ID:) (GCC) 
configure:4912: $? = 0
configure:4901: gcc -V >&5
gcc: error: unrecognized command line option '-V'
gcc: fatal error: no input files
compilation terminated.
configure:4912: $? = 1
configure:4901: gcc -qversion >&5
gcc: error: unrecognized command line option '-qversion'; did you mean '--version'?
gcc: fatal error: no input files
compilation terminated.
configure:4912: $? = 1
configure:4916: checking whether we are using the GNU C compiler
configure:4944: result: yes
configure:4953: checking whether gcc accepts -g
configure:5014: result: yes
configure:5031: checking for gcc option to accept ISO C89
configure:5107: result: none needed
configure:5132: checking whether gcc understands -c and -o together
configure:5169: result: yes
configure:5188: checking dependency style of gcc
configure:5299: result: gcc3
configure:5372: checking for g++
configure:5388: found /usr/bin/g++
configure:5399: result: g++
configure:5426: checking for C++ compiler version
configure:5435: g++ --version >&5
g++ (GCC) 8.3.0
Copyright (C) 2018 Free Software Foundation, Inc.
This is free software; see the source for copying conditions.  There is NO
warranty; not even for MERCHANTABILITY or FITNESS FOR A PARTICULAR PURPOSE.

configure:5446: $? = 0
configure:5435: g++ -v >&5
Using built-in specs.
COLLECT_GCC=g++
COLLECT_LTO_WRAPPER=/usr/libexec/gcc/sw_64-sunway-linux-gnu/8.3.0/lto-wrapper
Target: sw_64-sunway-linux-gnu
Configured with: ../configure --prefix=/usr --mandir=/usr/share/man --infodir=/usr/share/info --enable-shared --enable-languages=c,c++,fortran,go,lto --build=sw_64-sunway-linux-gnu --host=sw_64-sunway-linux-gnu --target=sw_64-sunway-linux-gnu --disable-multilib --disable-bootstrap --enable-c99 --enable-long-long --enable-threads=posix --enable-__cxa_atexit --disable-nls --enable-gnu-indirect-function --enable-multiarch --enable-browser-plugin --enable-linker-build-id --disable-gnu-unique-object --enable-libsanitizer --disable-libquadmath-support --with-cpu=sw8a
Thread model: posix
gcc version 8.3.0  (ID:) (GCC) 
configure:5446: $? = 0
configure:5435: g++ -V >&5
g++: error: unrecognized command line option '-V'
g++: fatal error: no input files
compilation terminated.
configure:5446: $? = 1
configure:5435: g++ -qversion >&5
g++: error: unrecognized command line option '-qversion'; did you mean '--version'?
g++: fatal error: no input files
compilation terminated.
configure:5446: $? = 1
configure:5450: checking whether we are using the GNU C++ compiler
configure:5469: g++ -c  -fPIC -fstack-protector-all --param ssp-buffer-size=4 -Wstack-protector conftest.cpp >&5
configure:5469: $? = 0
configure:5478: result: yes
configure:5487: checking whether g++ accepts -g
configure:5507: g++ -c -g -fPIC -fstack-protector-all --param ssp-buffer-size=4 -Wstack-protector conftest.cpp >&5
configure:5507: $? = 0
configure:5548: result: yes
configure:5573: checking dependency style of g++
configure:5684: result: gcc3
configure:5743: g++ -c -O2 -fPIC -fstack-protector-all --param ssp-buffer-size=4 -Wstack-protector conftest.cpp >&5
configure:5743: $? = 0
configure:5762: checking how to run the C preprocessor
configure:5793: gcc -E -fPIC -fstack-protector-all --param ssp-buffer-size=4 -Wstack-protector conftest.c
configure:5793: $? = 0
configure:5807: gcc -E -fPIC -fstack-protector-all --param ssp-buffer-size=4 -Wstack-protector conftest.c
conftest.c:11:10: fatal error: ac_nonexistent.h: No such file or directory
 #include <ac_nonexistent.h>
          ^~~~~~~~~~~~~~~~~~
compilation terminated.
configure:5807: $? = 1
configure: failed program was:
| /* confdefs.h */
| #define PACKAGE_NAME "PCRE"
| #define PACKAGE_TARNAME "pcre"
| #define PACKAGE_VERSION "8.45"
| #define PACKAGE_STRING "PCRE 8.45"
| #define PACKAGE_BUGREPORT ""
| #define PACKAGE_URL ""
| #define PACKAGE "pcre"
| #define VERSION "8.45"
| /* end confdefs.h.  */
| #include <ac_nonexistent.h>
configure:5832: result: gcc -E
configure:5852: gcc -E -fPIC -fstack-protector-all --param ssp-buffer-size=4 -Wstack-protector conftest.c
configure:5852: $? = 0
configure:5866: gcc -E -fPIC -fstack-protector-all --param ssp-buffer-size=4 -Wstack-protector conftest.c
conftest.c:11:10: fatal error: ac_nonexistent.h: No such file or directory
 #include <ac_nonexistent.h>
          ^~~~~~~~~~~~~~~~~~
compilation terminated.
configure:5866: $? = 1
configure: failed program was:
| /* confdefs.h */
| #define PACKAGE_NAME "PCRE"
| #define PACKAGE_TARNAME "pcre"
| #define PACKAGE_VERSION "8.45"
| #define PACKAGE_STRING "PCRE 8.45"
| #define PACKAGE_BUGREPORT ""
| #define PACKAGE_URL ""
| #define PACKAGE "pcre"
| #define VERSION "8.45"
| /* end confdefs.h.  */
| #include <ac_nonexistent.h>
configure:5895: checking for grep that handles long lines and -e
configure:5953: result: /usr/bin/grep
configure:5958: checking for egrep
configure:6020: result: /usr/bin/grep -E
configure:6025: checking for ANSI C header files
configure:6045: gcc -c -fPIC -fstack-protector-all --param ssp-buffer-size=4 -Wstack-protector -fPIC -fstack-protector-all --param ssp-buffer-size=4 -Wstack-protector conftest.c >&5
configure:6045: $? = 0
configure:6118: gcc -o conftest -fPIC -fstack-protector-all --param ssp-buffer-size=4 -Wstack-protector -fPIC -fstack-protector-all --param ssp-buffer-size=4 -Wstack-protector -Wl,-z,relro,-z,now conftest.c  >&5
configure:6118: $? = 0
configure:6118: ./conftest
configure:6118: $? = 0
configure:6129: result: yes
configure:6142: checking for sys/types.h
configure:6142: gcc -c -fPIC -fstack-protector-all --param ssp-buffer-size=4 -Wstack-protector -fPIC -fstack-protector-all --param ssp-buffer-size=4 -Wstack-protector conftest.c >&5
configure:6142: $? = 0
configure:6142: result: yes
configure:6142: checking for sys/stat.h
configure:6142: gcc -c -fPIC -fstack-protector-all --param ssp-buffer-size=4 -Wstack-protector -fPIC -fstack-protector-all --param ssp-buffer-size=4 -Wstack-protector conftest.c >&5
configure:6142: $? = 0
configure:6142: result: yes
configure:6142: checking for stdlib.h
configure:6142: gcc -c -fPIC -fstack-protector-all --param ssp-buffer-size=4 -Wstack-protector -fPIC -fstack-protector-all --param ssp-buffer-size=4 -Wstack-protector conftest.c >&5
configure:6142: $? = 0
configure:6142: result: yes
configure:6142: checking for string.h
configure:6142: gcc -c -fPIC -fstack-protector-all --param ssp-buffer-size=4 -Wstack-protector -fPIC -fstack-protector-all --param ssp-buffer-size=4 -Wstack-protector conftest.c >&5
configure:6142: $? = 0
configure:6142: result: yes
configure:6142: checking for memory.h
configure:6142: gcc -c -fPIC -fstack-protector-all --param ssp-buffer-size=4 -Wstack-protector -fPIC -fstack-protector-all --param ssp-buffer-size=4 -Wstack-protector conftest.c >&5
configure:6142: $? = 0
configure:6142: result: yes
configure:6142: checking for strings.h
configure:6142: gcc -c -fPIC -fstack-protector-all --param ssp-buffer-size=4 -Wstack-protector -fPIC -fstack-protector-all --param ssp-buffer-size=4 -Wstack-protector conftest.c >&5
configure:6142: $? = 0
configure:6142: result: yes
configure:6142: checking for inttypes.h
configure:6142: gcc -c -fPIC -fstack-protector-all --param ssp-buffer-size=4 -Wstack-protector -fPIC -fstack-protector-all --param ssp-buffer-size=4 -Wstack-protector conftest.c >&5
configure:6142: $? = 0
configure:6142: result: yes
configure:6142: checking for stdint.h
configure:6142: gcc -c -fPIC -fstack-protector-all --param ssp-buffer-size=4 -Wstack-protector -fPIC -fstack-protector-all --param ssp-buffer-size=4 -Wstack-protector conftest.c >&5
configure:6142: $? = 0
configure:6142: result: yes
configure:6142: checking for unistd.h
configure:6142: gcc -c -fPIC -fstack-protector-all --param ssp-buffer-size=4 -Wstack-protector -fPIC -fstack-protector-all --param ssp-buffer-size=4 -Wstack-protector conftest.c >&5
configure:6142: $? = 0
configure:6142: result: yes
configure:6154: checking for int64_t
configure:6154: gcc -c -fPIC -fstack-protector-all --param ssp-buffer-size=4 -Wstack-protector -fPIC -fstack-protector-all --param ssp-buffer-size=4 -Wstack-protector conftest.c >&5
configure:6154: $? = 0
configure:6154: gcc -c -fPIC -fstack-protector-all --param ssp-buffer-size=4 -Wstack-protector -fPIC -fstack-protector-all --param ssp-buffer-size=4 -Wstack-protector conftest.c >&5
conftest.c: In function 'main':
conftest.c:59:53: warning: integer overflow in expression of type 'long int' results in '-9223372036854775808' [-Woverflow]
    < (int64_t) (((((int64_t) 1 << N) << N) - 1) * 2 + 2))];
                                                     ^
conftest.c:58:12: error: storage size of 'test_array' isn't constant
 static int test_array [1 - 2 * !((int64_t) (((((int64_t) 1 << N) << N) - 1) * 2 + 1)
            ^~~~~~~~~~
configure:6154: $? = 1
configure: failed program was:
| /* confdefs.h */
| #define PACKAGE_NAME "PCRE"
| #define PACKAGE_TARNAME "pcre"
| #define PACKAGE_VERSION "8.45"
| #define PACKAGE_STRING "PCRE 8.45"
| #define PACKAGE_BUGREPORT ""
| #define PACKAGE_URL ""
| #define PACKAGE "pcre"
| #define VERSION "8.45"
| #define STDC_HEADERS 1
| #define HAVE_SYS_TYPES_H 1
| #define HAVE_SYS_STAT_H 1
| #define HAVE_STDLIB_H 1
| #define HAVE_STRING_H 1
| #define HAVE_MEMORY_H 1
| #define HAVE_STRINGS_H 1
| #define HAVE_INTTYPES_H 1
| #define HAVE_STDINT_H 1
| #define HAVE_UNISTD_H 1
| /* end confdefs.h.  */
| #include <stdio.h>
| #ifdef HAVE_SYS_TYPES_H
| # include <sys/types.h>
| #endif
| #ifdef HAVE_SYS_STAT_H
| # include <sys/stat.h>
| #endif
| #ifdef STDC_HEADERS
| # include <stdlib.h>
| # include <stddef.h>
| #else
| # ifdef HAVE_STDLIB_H
| #  include <stdlib.h>
| # endif
| #endif
| #ifdef HAVE_STRING_H
| # if !defined STDC_HEADERS && defined HAVE_MEMORY_H
| #  include <memory.h>
| # endif
| # include <string.h>
| #endif
| #ifdef HAVE_STRINGS_H
| # include <strings.h>
| #endif
| #ifdef HAVE_INTTYPES_H
| # include <inttypes.h>
| #endif
| #ifdef HAVE_STDINT_H
| # include <stdint.h>
| #endif
| #ifdef HAVE_UNISTD_H
| # include <unistd.h>
| #endif
| 	        enum { N = 64 / 2 - 1 };
| int
| main ()
| {
| static int test_array [1 - 2 * !((int64_t) (((((int64_t) 1 << N) << N) - 1) * 2 + 1)
| 		 < (int64_t) (((((int64_t) 1 << N) << N) - 1) * 2 + 2))];
| test_array [0] = 0;
| return test_array [0];
| 
|   ;
|   return 0;
| }
configure:6154: result: yes
configure:6171: checking build system type
configure:6185: result: sw_64-sunway-linux-gnu
configure:6205: checking host system type
configure:6218: result: sw_64-sunway-linux-gnu
configure:6587: checking how to print strings
configure:6614: result: printf
configure:6635: checking for a sed that does not truncate output
configure:6699: result: /usr/bin/sed
configure:6717: checking for fgrep
configure:6779: result: /usr/bin/grep -F
configure:6814: checking for ld used by gcc
configure:6881: result: /usr/bin/ld
configure:6888: checking if the linker (/usr/bin/ld) is GNU ld
configure:6903: result: yes
configure:6915: checking for BSD- or MS-compatible name lister (nm)
configure:6969: result: /usr/bin/nm -B
configure:7099: checking the name lister (/usr/bin/nm -B) interface
configure:7106: gcc -c -fPIC -fstack-protector-all --param ssp-buffer-size=4 -Wstack-protector -fPIC -fstack-protector-all --param ssp-buffer-size=4 -Wstack-protector conftest.c >&5
configure:7109: /usr/bin/nm -B "conftest.o"
configure:7112: output
0000000000000000 S some_variable
configure:7113: result: BSD nm
configure:7116: checking whether ln -s works
configure:7120: result: yes
configure:7128: checking the maximum length of command line arguments
configure:7259: result: 1572864
configure:7307: checking how to convert sw_64-sunway-linux-gnu file names to sw_64-sunway-linux-gnu format
configure:7347: result: func_convert_file_noop
configure:7354: checking how to convert sw_64-sunway-linux-gnu file names to toolchain format
configure:7374: result: func_convert_file_noop
configure:7381: checking for /usr/bin/ld option to reload object files
configure:7388: result: -r
configure:7462: checking for objdump
configure:7489: result: objdump
configure:7518: checking how to recognize dependent libraries
configure:7718: result: pass_all
configure:7803: checking for dlltool
configure:7830: result: dlltool
configure:7860: checking how to associate runtime and link libraries
configure:7887: result: printf %s\n
configure:8011: checking for archiver @FILE support
configure:8028: gcc -c -fPIC -fstack-protector-all --param ssp-buffer-size=4 -Wstack-protector -fPIC -fstack-protector-all --param ssp-buffer-size=4 -Wstack-protector conftest.c >&5
configure:8028: $? = 0
configure:8031: ar cru libconftest.a @conftest.lst >&5
configure:8034: $? = 0
configure:8039: ar cru libconftest.a @conftest.lst >&5
ar: conftest.o: No such file or directory
configure:8042: $? = 1
configure:8041: result: @
configure:8099: checking for strip
configure:8115: found /usr/bin/strip
configure:8126: result: strip
configure:8198: checking for ranlib
configure:8214: found /usr/bin/ranlib
configure:8225: result: ranlib
configure:8327: checking command to parse /usr/bin/nm -B output from gcc object
configure:8480: gcc -c -fPIC -fstack-protector-all --param ssp-buffer-size=4 -Wstack-protector -fPIC -fstack-protector-all --param ssp-buffer-size=4 -Wstack-protector conftest.c >&5
configure:8483: $? = 0
configure:8487: /usr/bin/nm -B conftest.o \| sed -n -e 's/^.*[ ]\([ABCDGIRSTW][ABCDGIRSTW]*\)[ ][ ]*\([_A-Za-z][_A-Za-z0-9]*\)$/\1 \2 \2/p' | sed '/ __gnu_lto/d' \> conftest.nm
configure:8490: $? = 0
configure:8556: gcc -o conftest -fPIC -fstack-protector-all --param ssp-buffer-size=4 -Wstack-protector -fPIC -fstack-protector-all --param ssp-buffer-size=4 -Wstack-protector -Wl,-z,relro,-z,now conftest.c conftstm.o >&5
configure:8559: $? = 0
configure:8597: result: ok
configure:8644: checking for sysroot
configure:8674: result: no
configure:8681: checking for a working dd
configure:8719: result: /usr/bin/dd
configure:8723: checking how to truncate binary pipes
configure:8738: result: /usr/bin/dd bs=4096 count=1
configure:9067: checking for mt
configure:9097: result: no
configure:9117: checking if : is a manifest tool
configure:9123: : '-?'
configure:9131: result: no
configure:9805: checking for dlfcn.h
configure:9805: gcc -c -fPIC -fstack-protector-all --param ssp-buffer-size=4 -Wstack-protector -fPIC -fstack-protector-all --param ssp-buffer-size=4 -Wstack-protector conftest.c >&5
configure:9805: $? = 0
configure:9805: result: yes
configure:10069: checking for objdir
configure:10084: result: .libs
configure:10348: checking if gcc supports -fno-rtti -fno-exceptions
configure:10366: gcc -c -fPIC -fstack-protector-all --param ssp-buffer-size=4 -Wstack-protector -fPIC -fstack-protector-all --param ssp-buffer-size=4 -Wstack-protector -fno-rtti -fno-exceptions conftest.c >&5
cc1: warning: command line option '-fno-rtti' is valid for C++/ObjC++ but not for C
configure:10370: $? = 0
configure:10383: result: no
configure:10741: checking for gcc option to produce PIC
configure:10748: result: -fPIC -DPIC
configure:10756: checking if gcc PIC flag -fPIC -DPIC works
configure:10774: gcc -c -fPIC -fstack-protector-all --param ssp-buffer-size=4 -Wstack-protector -fPIC -fstack-protector-all --param ssp-buffer-size=4 -Wstack-protector -fPIC -DPIC -DPIC conftest.c >&5
configure:10778: $? = 0
configure:10791: result: yes
configure:10820: checking if gcc static flag -static works
configure:10848: result: yes
configure:10863: checking if gcc supports -c -o file.o
configure:10884: gcc -c -fPIC -fstack-protector-all --param ssp-buffer-size=4 -Wstack-protector -fPIC -fstack-protector-all --param ssp-buffer-size=4 -Wstack-protector -o out/conftest2.o conftest.c >&5
configure:10888: $? = 0
configure:10910: result: yes
configure:10918: checking if gcc supports -c -o file.o
configure:10965: result: yes
configure:10998: checking whether the gcc linker (/usr/bin/ld) supports shared libraries
configure:12257: result: yes
configure:12294: checking whether -lc should be explicitly linked in
configure:12302: gcc -c -fPIC -fstack-protector-all --param ssp-buffer-size=4 -Wstack-protector -fPIC -fstack-protector-all --param ssp-buffer-size=4 -Wstack-protector conftest.c >&5
configure:12305: $? = 0
configure:12320: gcc -shared  -fPIC -DPIC conftest.o  -v -Wl,-soname -Wl,conftest -o conftest 2\>\&1 \| /usr/bin/grep  -lc  \>/dev/null 2\>\&1
configure:12323: $? = 0
configure:12337: result: no
configure:12497: checking dynamic linker characteristics
configure:13078: gcc -o conftest -fPIC -fstack-protector-all --param ssp-buffer-size=4 -Wstack-protector -fPIC -fstack-protector-all --param ssp-buffer-size=4 -Wstack-protector -Wl,-z,relro,-z,now -Wl,-rpath -Wl,/foo conftest.c  >&5
configure:13078: $? = 0
configure:13318: result: GNU/Linux ld.so
configure:13440: checking how to hardcode library paths into programs
configure:13465: result: immediate
configure:14013: checking whether stripping libraries is possible
configure:14018: result: yes
configure:14053: checking if libtool supports shared libraries
configure:14055: result: yes
configure:14058: checking whether to build shared libraries
configure:14083: result: yes
configure:14086: checking whether to build static libraries
configure:14090: result: yes
configure:10902: checking how to run the C++ preprocessor
configure:10929: g++ -E -fPIC -fstack-protector-all --param ssp-buffer-size=4 -Wstack-protector conftest.cpp
configure:10929: $? = 0
configure:10943: g++ -E -fPIC -fstack-protector-all --param ssp-buffer-size=4 -Wstack-protector conftest.cpp
conftest.cpp:23:10: fatal error: ac_nonexistent.h: No such file or directory
 #include <ac_nonexistent.h>
          ^~~~~~~~~~~~~~~~~~
compilation terminated.
configure:10943: $? = 1
configure: failed program was:
| /* confdefs.h */
| #define PACKAGE_NAME "PCRE"
| #define PACKAGE_TARNAME "pcre"
| #define PACKAGE_VERSION "8.45"
| #define PACKAGE_STRING "PCRE 8.45"
| #define PACKAGE_BUGREPORT ""
| #define PACKAGE_URL ""
| #define PACKAGE "pcre"
| #define VERSION "8.45"
| #define STDC_HEADERS 1
| #define HAVE_SYS_TYPES_H 1
| #define HAVE_SYS_STAT_H 1
| #define HAVE_STDLIB_H 1
| #define HAVE_STRING_H 1
| #define HAVE_MEMORY_H 1
| #define HAVE_STRINGS_H 1
| #define HAVE_INTTYPES_H 1
| #define HAVE_STDINT_H 1
| #define HAVE_UNISTD_H 1
| #define HAVE_DLFCN_H 1
| #define LT_OBJDIR ".libs/"
| /* end confdefs.h.  */
| #include <ac_nonexistent.h>
configure:10968: result: g++ -E
configure:10988: g++ -E -fPIC -fstack-protector-all --param ssp-buffer-size=4 -Wstack-protector conftest.cpp
configure:10988: $? = 0
configure:11002: g++ -E -fPIC -fstack-protector-all --param ssp-buffer-size=4 -Wstack-protector conftest.cpp
conftest.cpp:23:10: fatal error: ac_nonexistent.h: No such file or directory
 #include <ac_nonexistent.h>
          ^~~~~~~~~~~~~~~~~~
compilation terminated.
configure:11002: $? = 1
configure: failed program was:
| /* confdefs.h */
| #define PACKAGE_NAME "PCRE"
| #define PACKAGE_TARNAME "pcre"
| #define PACKAGE_VERSION "8.45"
| #define PACKAGE_STRING "PCRE 8.45"
| #define PACKAGE_BUGREPORT ""
| #define PACKAGE_URL ""
| #define PACKAGE "pcre"
| #define VERSION "8.45"
| #define STDC_HEADERS 1
| #define HAVE_SYS_TYPES_H 1
| #define HAVE_SYS_STAT_H 1
| #define HAVE_STDLIB_H 1
| #define HAVE_STRING_H 1
| #define HAVE_MEMORY_H 1
| #define HAVE_STRINGS_H 1
| #define HAVE_INTTYPES_H 1
| #define HAVE_STDINT_H 1
| #define HAVE_UNISTD_H 1
| #define HAVE_DLFCN_H 1
| #define LT_OBJDIR ".libs/"
| /* end confdefs.h.  */
| #include <ac_nonexistent.h>
configure:11164: checking for ld used by g++
configure:11231: result: /usr/bin/ld
configure:11238: checking if the linker (/usr/bin/ld) is GNU ld
configure:11253: result: yes
configure:11308: checking whether the g++ linker (/usr/bin/ld) supports shared libraries
configure:12381: result: yes
configure:12417: g++ -c -O2 -fPIC -fstack-protector-all --param ssp-buffer-size=4 -Wstack-protector conftest.cpp >&5
configure:12420: $? = 0
configure:12901: checking for g++ option to produce PIC
configure:12908: result: -fPIC -DPIC
configure:12916: checking if g++ PIC flag -fPIC -DPIC works
configure:12934: g++ -c -O2 -fPIC -fstack-protector-all --param ssp-buffer-size=4 -Wstack-protector -fPIC -DPIC -DPIC conftest.cpp >&5
configure:12938: $? = 0
configure:12951: result: yes
configure:12974: checking if g++ static flag -static works
configure:13002: result: yes
configure:13014: checking if g++ supports -c -o file.o
configure:13035: g++ -c -O2 -fPIC -fstack-protector-all --param ssp-buffer-size=4 -Wstack-protector -o out/conftest2.o conftest.cpp >&5
configure:13039: $? = 0
configure:13061: result: yes
configure:13066: checking if g++ supports -c -o file.o
configure:13113: result: yes
configure:13143: checking whether the g++ linker (/usr/bin/ld) supports shared libraries
configure:13183: result: yes
configure:13324: checking dynamic linker characteristics
configure:14072: result: GNU/Linux ld.so
configure:14137: checking how to hardcode library paths into programs
configure:14162: result: immediate
configure:13066: checking whether ln -s works
configure:13070: result: yes
configure:13086: checking whether the -Werror option is usable
configure:13105: gcc -c -fPIC -fstack-protector-all --param ssp-buffer-size=4 -Wstack-protector -Werror -fPIC -fstack-protector-all --param ssp-buffer-size=4 -Wstack-protector conftest.c >&5
configure:13105: $? = 0
configure:13114: result: yes
configure:13116: checking for simple visibility declarations
configure:13143: gcc -c -fPIC -fstack-protector-all --param ssp-buffer-size=4 -Wstack-protector -fvisibility=hidden -Werror -fPIC -fstack-protector-all --param ssp-buffer-size=4 -Wstack-protector conftest.c >&5
configure:13143: $? = 0
configure:13152: result: yes
configure:13650: checking for ANSI C header files
configure:13754: result: yes
configure:13765: checking limits.h usability
configure:13765: gcc -c -fPIC -fstack-protector-all --param ssp-buffer-size=4 -Wstack-protector -fPIC -fstack-protector-all --param ssp-buffer-size=4 -Wstack-protector conftest.c >&5
configure:13765: $? = 0
configure:13765: result: yes
configure:13765: checking limits.h presence
configure:13765: gcc -E -fPIC -fstack-protector-all --param ssp-buffer-size=4 -Wstack-protector conftest.c
configure:13765: $? = 0
configure:13765: result: yes
configure:13765: checking for limits.h
configure:13765: result: yes
configure:13765: checking for sys/types.h
configure:13765: result: yes
configure:13765: checking for sys/stat.h
configure:13765: result: yes
configure:13765: checking dirent.h usability
configure:13765: gcc -c -fPIC -fstack-protector-all --param ssp-buffer-size=4 -Wstack-protector -fPIC -fstack-protector-all --param ssp-buffer-size=4 -Wstack-protector conftest.c >&5
configure:13765: $? = 0
configure:13765: result: yes
configure:13765: checking dirent.h presence
configure:13765: gcc -E -fPIC -fstack-protector-all --param ssp-buffer-size=4 -Wstack-protector conftest.c
configure:13765: $? = 0
configure:13765: result: yes
configure:13765: checking for dirent.h
configure:13765: result: yes
configure:13777: checking windows.h usability
configure:13777: gcc -c -fPIC -fstack-protector-all --param ssp-buffer-size=4 -Wstack-protector -fPIC -fstack-protector-all --param ssp-buffer-size=4 -Wstack-protector conftest.c >&5
conftest.c:69:10: fatal error: windows.h: No such file or directory
 #include <windows.h>
          ^~~~~~~~~~~
compilation terminated.
configure:13777: $? = 1
configure: failed program was:
| /* confdefs.h */
| #define PACKAGE_NAME "PCRE"
| #define PACKAGE_TARNAME "pcre"
| #define PACKAGE_VERSION "8.45"
| #define PACKAGE_STRING "PCRE 8.45"
| #define PACKAGE_BUGREPORT ""
| #define PACKAGE_URL ""
| #define PACKAGE "pcre"
| #define VERSION "8.45"
| #define STDC_HEADERS 1
| #define HAVE_SYS_TYPES_H 1
| #define HAVE_SYS_STAT_H 1
| #define HAVE_STDLIB_H 1
| #define HAVE_STRING_H 1
| #define HAVE_MEMORY_H 1
| #define HAVE_STRINGS_H 1
| #define HAVE_INTTYPES_H 1
| #define HAVE_STDINT_H 1
| #define HAVE_UNISTD_H 1
| #define HAVE_DLFCN_H 1
| #define LT_OBJDIR ".libs/"
| #define PCRE_EXP_DECL extern __attribute__ ((visibility ("default")))
| #define PCRE_EXP_DEFN __attribute__ ((visibility ("default")))
| #define PCRE_EXP_DATA_DEFN __attribute__ ((visibility ("default")))
| #define PCREPOSIX_EXP_DECL extern __attribute__ ((visibility ("default")))
| #define PCREPOSIX_EXP_DEFN extern __attribute__ ((visibility ("default")))
| #define PCRECPP_EXP_DECL extern __attribute__ ((visibility ("default")))
| #define PCRECPP_EXP_DEFN __attribute__ ((visibility ("default")))
| #define HAVE_VISIBILITY 1
| #define STDC_HEADERS 1
| #define HAVE_LIMITS_H 1
| #define HAVE_SYS_TYPES_H 1
| #define HAVE_SYS_STAT_H 1
| #define HAVE_DIRENT_H 1
| /* end confdefs.h.  */
| #include <stdio.h>
| #ifdef HAVE_SYS_TYPES_H
| # include <sys/types.h>
| #endif
| #ifdef HAVE_SYS_STAT_H
| # include <sys/stat.h>
| #endif
| #ifdef STDC_HEADERS
| # include <stdlib.h>
| # include <stddef.h>
| #else
| # ifdef HAVE_STDLIB_H
| #  include <stdlib.h>
| # endif
| #endif
| #ifdef HAVE_STRING_H
| # if !defined STDC_HEADERS && defined HAVE_MEMORY_H
| #  include <memory.h>
| # endif
| # include <string.h>
| #endif
| #ifdef HAVE_STRINGS_H
| # include <strings.h>
| #endif
| #ifdef HAVE_INTTYPES_H
| # include <inttypes.h>
| #endif
| #ifdef HAVE_STDINT_H
| # include <stdint.h>
| #endif
| #ifdef HAVE_UNISTD_H
| # include <unistd.h>
| #endif
| #include <windows.h>
configure:13777: result: no
configure:13777: checking windows.h presence
configure:13777: gcc -E -fPIC -fstack-protector-all --param ssp-buffer-size=4 -Wstack-protector conftest.c
conftest.c:36:10: fatal error: windows.h: No such file or directory
 #include <windows.h>
          ^~~~~~~~~~~
compilation terminated.
configure:13777: $? = 1
configure: failed program was:
| /* confdefs.h */
| #define PACKAGE_NAME "PCRE"
| #define PACKAGE_TARNAME "pcre"
| #define PACKAGE_VERSION "8.45"
| #define PACKAGE_STRING "PCRE 8.45"
| #define PACKAGE_BUGREPORT ""
| #define PACKAGE_URL ""
| #define PACKAGE "pcre"
| #define VERSION "8.45"
| #define STDC_HEADERS 1
| #define HAVE_SYS_TYPES_H 1
| #define HAVE_SYS_STAT_H 1
| #define HAVE_STDLIB_H 1
| #define HAVE_STRING_H 1
| #define HAVE_MEMORY_H 1
| #define HAVE_STRINGS_H 1
| #define HAVE_INTTYPES_H 1
| #define HAVE_STDINT_H 1
| #define HAVE_UNISTD_H 1
| #define HAVE_DLFCN_H 1
| #define LT_OBJDIR ".libs/"
| #define PCRE_EXP_DECL extern __attribute__ ((visibility ("default")))
| #define PCRE_EXP_DEFN __attribute__ ((visibility ("default")))
| #define PCRE_EXP_DATA_DEFN __attribute__ ((visibility ("default")))
| #define PCREPOSIX_EXP_DECL extern __attribute__ ((visibility ("default")))
| #define PCREPOSIX_EXP_DEFN extern __attribute__ ((visibility ("default")))
| #define PCRECPP_EXP_DECL extern __attribute__ ((visibility ("default")))
| #define PCRECPP_EXP_DEFN __attribute__ ((visibility ("default")))
| #define HAVE_VISIBILITY 1
| #define STDC_HEADERS 1
| #define HAVE_LIMITS_H 1
| #define HAVE_SYS_TYPES_H 1
| #define HAVE_SYS_STAT_H 1
| #define HAVE_DIRENT_H 1
| /* end confdefs.h.  */
| #include <windows.h>
configure:13777: result: no
configure:13777: checking for windows.h
configure:13777: result: no
configure:13813: checking for alias support in the linker
configure:13832: g++ -o conftest -O2 -fPIC -fstack-protector-all --param ssp-buffer-size=4 -Wstack-protector -Wl,-z,relro,-z,now -Wl,-alias,__ZN7pcrecpp2RE6no_argE,__ZN7pcrecpp6no_argE conftest.cpp  >&5
/usr/bin/ld: unrecognized -a option `lias'
collect2: error: ld returned 1 exit status
configure:13832: $? = 1
configure: failed program was:
| /* confdefs.h */
| #define PACKAGE_NAME "PCRE"
| #define PACKAGE_TARNAME "pcre"
| #define PACKAGE_VERSION "8.45"
| #define PACKAGE_STRING "PCRE 8.45"
| #define PACKAGE_BUGREPORT ""
| #define PACKAGE_URL ""
| #define PACKAGE "pcre"
| #define VERSION "8.45"
| #define STDC_HEADERS 1
| #define HAVE_SYS_TYPES_H 1
| #define HAVE_SYS_STAT_H 1
| #define HAVE_STDLIB_H 1
| #define HAVE_STRING_H 1
| #define HAVE_MEMORY_H 1
| #define HAVE_STRINGS_H 1
| #define HAVE_INTTYPES_H 1
| #define HAVE_STDINT_H 1
| #define HAVE_UNISTD_H 1
| #define HAVE_DLFCN_H 1
| #define LT_OBJDIR ".libs/"
| #define PCRE_EXP_DECL extern __attribute__ ((visibility ("default")))
| #define PCRE_EXP_DEFN __attribute__ ((visibility ("default")))
| #define PCRE_EXP_DATA_DEFN __attribute__ ((visibility ("default")))
| #define PCREPOSIX_EXP_DECL extern __attribute__ ((visibility ("default")))
| #define PCREPOSIX_EXP_DEFN extern __attribute__ ((visibility ("default")))
| #define PCRECPP_EXP_DECL extern __attribute__ ((visibility ("default")))
| #define PCRECPP_EXP_DEFN __attribute__ ((visibility ("default")))
| #define HAVE_VISIBILITY 1
| #define STDC_HEADERS 1
| #define HAVE_LIMITS_H 1
| #define HAVE_SYS_TYPES_H 1
| #define HAVE_SYS_STAT_H 1
| #define HAVE_DIRENT_H 1
| /* end confdefs.h.  */
| namespace pcrecpp {
|                                     class RE { static int no_arg; };
|                                     int RE::no_arg;
|                                   }
| int
| main ()
| {
| 
|   ;
|   return 0;
| }
configure:13838: result: no
configure:13813: checking for alias support in the linker
configure:13832: g++ -o conftest -O2 -fPIC -fstack-protector-all --param ssp-buffer-size=4 -Wstack-protector -Wl,-z,relro,-z,now -Wl,-i__ZN7pcrecpp6no_argE:__ZN7pcrecpp2RE6no_argE conftest.cpp  >&5
/usr/bin/ld: unrecognised option: -i__ZN7pcrecpp6no_argE:__ZN7pcrecpp2RE6no_argE
collect2: error: ld returned 1 exit status
configure:13832: $? = 1
configure: failed program was:
| /* confdefs.h */
| #define PACKAGE_NAME "PCRE"
| #define PACKAGE_TARNAME "pcre"
| #define PACKAGE_VERSION "8.45"
| #define PACKAGE_STRING "PCRE 8.45"
| #define PACKAGE_BUGREPORT ""
| #define PACKAGE_URL ""
| #define PACKAGE "pcre"
| #define VERSION "8.45"
| #define STDC_HEADERS 1
| #define HAVE_SYS_TYPES_H 1
| #define HAVE_SYS_STAT_H 1
| #define HAVE_STDLIB_H 1
| #define HAVE_STRING_H 1
| #define HAVE_MEMORY_H 1
| #define HAVE_STRINGS_H 1
| #define HAVE_INTTYPES_H 1
| #define HAVE_STDINT_H 1
| #define HAVE_UNISTD_H 1
| #define HAVE_DLFCN_H 1
| #define LT_OBJDIR ".libs/"
| #define PCRE_EXP_DECL extern __attribute__ ((visibility ("default")))
| #define PCRE_EXP_DEFN __attribute__ ((visibility ("default")))
| #define PCRE_EXP_DATA_DEFN __attribute__ ((visibility ("default")))
| #define PCREPOSIX_EXP_DECL extern __attribute__ ((visibility ("default")))
| #define PCREPOSIX_EXP_DEFN extern __attribute__ ((visibility ("default")))
| #define PCRECPP_EXP_DECL extern __attribute__ ((visibility ("default")))
| #define PCRECPP_EXP_DEFN __attribute__ ((visibility ("default")))
| #define HAVE_VISIBILITY 1
| #define STDC_HEADERS 1
| #define HAVE_LIMITS_H 1
| #define HAVE_SYS_TYPES_H 1
| #define HAVE_SYS_STAT_H 1
| #define HAVE_DIRENT_H 1
| /* end confdefs.h.  */
| namespace pcrecpp {
|                                     class RE { static int no_arg; };
|                                     int RE::no_arg;
|                                   }
| int
| main ()
| {
| 
|   ;
|   return 0;
| }
configure:13838: result: no
configure:13852: checking string usability
configure:13852: g++ -c -O2 -fPIC -fstack-protector-all --param ssp-buffer-size=4 -Wstack-protector conftest.cpp >&5
configure:13852: $? = 0
configure:13852: result: yes
configure:13852: checking string presence
configure:13852: g++ -E -fPIC -fstack-protector-all --param ssp-buffer-size=4 -Wstack-protector conftest.cpp
configure:13852: $? = 0
configure:13852: result: yes
configure:13852: checking for string
configure:13852: result: yes
configure:13866: checking bits/type_traits.h usability
configure:13866: g++ -c -O2 -fPIC -fstack-protector-all --param ssp-buffer-size=4 -Wstack-protector conftest.cpp >&5
conftest.cpp:70:10: fatal error: bits/type_traits.h: No such file or directory
 #include <bits/type_traits.h>
          ^~~~~~~~~~~~~~~~~~~~
compilation terminated.
configure:13866: $? = 1
configure: failed program was:
| /* confdefs.h */
| #define PACKAGE_NAME "PCRE"
| #define PACKAGE_TARNAME "pcre"
| #define PACKAGE_VERSION "8.45"
| #define PACKAGE_STRING "PCRE 8.45"
| #define PACKAGE_BUGREPORT ""
| #define PACKAGE_URL ""
| #define PACKAGE "pcre"
| #define VERSION "8.45"
| #define STDC_HEADERS 1
| #define HAVE_SYS_TYPES_H 1
| #define HAVE_SYS_STAT_H 1
| #define HAVE_STDLIB_H 1
| #define HAVE_STRING_H 1
| #define HAVE_MEMORY_H 1
| #define HAVE_STRINGS_H 1
| #define HAVE_INTTYPES_H 1
| #define HAVE_STDINT_H 1
| #define HAVE_UNISTD_H 1
| #define HAVE_DLFCN_H 1
| #define LT_OBJDIR ".libs/"
| #define PCRE_EXP_DECL extern __attribute__ ((visibility ("default")))
| #define PCRE_EXP_DEFN __attribute__ ((visibility ("default")))
| #define PCRE_EXP_DATA_DEFN __attribute__ ((visibility ("default")))
| #define PCREPOSIX_EXP_DECL extern __attribute__ ((visibility ("default")))
| #define PCREPOSIX_EXP_DEFN extern __attribute__ ((visibility ("default")))
| #define PCRECPP_EXP_DECL extern __attribute__ ((visibility ("default")))
| #define PCRECPP_EXP_DEFN __attribute__ ((visibility ("default")))
| #define HAVE_VISIBILITY 1
| #define STDC_HEADERS 1
| #define HAVE_LIMITS_H 1
| #define HAVE_SYS_TYPES_H 1
| #define HAVE_SYS_STAT_H 1
| #define HAVE_DIRENT_H 1
| #define HAVE_STRING 1
| /* end confdefs.h.  */
| #include <stdio.h>
| #ifdef HAVE_SYS_TYPES_H
| # include <sys/types.h>
| #endif
| #ifdef HAVE_SYS_STAT_H
| # include <sys/stat.h>
| #endif
| #ifdef STDC_HEADERS
| # include <stdlib.h>
| # include <stddef.h>
| #else
| # ifdef HAVE_STDLIB_H
| #  include <stdlib.h>
| # endif
| #endif
| #ifdef HAVE_STRING_H
| # if !defined STDC_HEADERS && defined HAVE_MEMORY_H
| #  include <memory.h>
| # endif
| # include <string.h>
| #endif
| #ifdef HAVE_STRINGS_H
| # include <strings.h>
| #endif
| #ifdef HAVE_INTTYPES_H
| # include <inttypes.h>
| #endif
| #ifdef HAVE_STDINT_H
| # include <stdint.h>
| #endif
| #ifdef HAVE_UNISTD_H
| # include <unistd.h>
| #endif
| #include <bits/type_traits.h>
configure:13866: result: no
configure:13866: checking bits/type_traits.h presence
configure:13866: g++ -E -fPIC -fstack-protector-all --param ssp-buffer-size=4 -Wstack-protector conftest.cpp
conftest.cpp:37:10: fatal error: bits/type_traits.h: No such file or directory
 #include <bits/type_traits.h>
          ^~~~~~~~~~~~~~~~~~~~
compilation terminated.
configure:13866: $? = 1
configure: failed program was:
| /* confdefs.h */
| #define PACKAGE_NAME "PCRE"
| #define PACKAGE_TARNAME "pcre"
| #define PACKAGE_VERSION "8.45"
| #define PACKAGE_STRING "PCRE 8.45"
| #define PACKAGE_BUGREPORT ""
| #define PACKAGE_URL ""
| #define PACKAGE "pcre"
| #define VERSION "8.45"
| #define STDC_HEADERS 1
| #define HAVE_SYS_TYPES_H 1
| #define HAVE_SYS_STAT_H 1
| #define HAVE_STDLIB_H 1
| #define HAVE_STRING_H 1
| #define HAVE_MEMORY_H 1
| #define HAVE_STRINGS_H 1
| #define HAVE_INTTYPES_H 1
| #define HAVE_STDINT_H 1
| #define HAVE_UNISTD_H 1
| #define HAVE_DLFCN_H 1
| #define LT_OBJDIR ".libs/"
| #define PCRE_EXP_DECL extern __attribute__ ((visibility ("default")))
| #define PCRE_EXP_DEFN __attribute__ ((visibility ("default")))
| #define PCRE_EXP_DATA_DEFN __attribute__ ((visibility ("default")))
| #define PCREPOSIX_EXP_DECL extern __attribute__ ((visibility ("default")))
| #define PCREPOSIX_EXP_DEFN extern __attribute__ ((visibility ("default")))
| #define PCRECPP_EXP_DECL extern __attribute__ ((visibility ("default")))
| #define PCRECPP_EXP_DEFN __attribute__ ((visibility ("default")))
| #define HAVE_VISIBILITY 1
| #define STDC_HEADERS 1
| #define HAVE_LIMITS_H 1
| #define HAVE_SYS_TYPES_H 1
| #define HAVE_SYS_STAT_H 1
| #define HAVE_DIRENT_H 1
| #define HAVE_STRING 1
| /* end confdefs.h.  */
| #include <bits/type_traits.h>
configure:13866: result: no
configure:13866: checking for bits/type_traits.h
configure:13866: result: no
configure:13880: checking type_traits.h usability
configure:13880: g++ -c -O2 -fPIC -fstack-protector-all --param ssp-buffer-size=4 -Wstack-protector conftest.cpp >&5
conftest.cpp:70:10: fatal error: type_traits.h: No such file or directory
 #include <type_traits.h>
          ^~~~~~~~~~~~~~~
compilation terminated.
configure:13880: $? = 1
configure: failed program was:
| /* confdefs.h */
| #define PACKAGE_NAME "PCRE"
| #define PACKAGE_TARNAME "pcre"
| #define PACKAGE_VERSION "8.45"
| #define PACKAGE_STRING "PCRE 8.45"
| #define PACKAGE_BUGREPORT ""
| #define PACKAGE_URL ""
| #define PACKAGE "pcre"
| #define VERSION "8.45"
| #define STDC_HEADERS 1
| #define HAVE_SYS_TYPES_H 1
| #define HAVE_SYS_STAT_H 1
| #define HAVE_STDLIB_H 1
| #define HAVE_STRING_H 1
| #define HAVE_MEMORY_H 1
| #define HAVE_STRINGS_H 1
| #define HAVE_INTTYPES_H 1
| #define HAVE_STDINT_H 1
| #define HAVE_UNISTD_H 1
| #define HAVE_DLFCN_H 1
| #define LT_OBJDIR ".libs/"
| #define PCRE_EXP_DECL extern __attribute__ ((visibility ("default")))
| #define PCRE_EXP_DEFN __attribute__ ((visibility ("default")))
| #define PCRE_EXP_DATA_DEFN __attribute__ ((visibility ("default")))
| #define PCREPOSIX_EXP_DECL extern __attribute__ ((visibility ("default")))
| #define PCREPOSIX_EXP_DEFN extern __attribute__ ((visibility ("default")))
| #define PCRECPP_EXP_DECL extern __attribute__ ((visibility ("default")))
| #define PCRECPP_EXP_DEFN __attribute__ ((visibility ("default")))
| #define HAVE_VISIBILITY 1
| #define STDC_HEADERS 1
| #define HAVE_LIMITS_H 1
| #define HAVE_SYS_TYPES_H 1
| #define HAVE_SYS_STAT_H 1
| #define HAVE_DIRENT_H 1
| #define HAVE_STRING 1
| /* end confdefs.h.  */
| #include <stdio.h>
| #ifdef HAVE_SYS_TYPES_H
| # include <sys/types.h>
| #endif
| #ifdef HAVE_SYS_STAT_H
| # include <sys/stat.h>
| #endif
| #ifdef STDC_HEADERS
| # include <stdlib.h>
| # include <stddef.h>
| #else
| # ifdef HAVE_STDLIB_H
| #  include <stdlib.h>
| # endif
| #endif
| #ifdef HAVE_STRING_H
| # if !defined STDC_HEADERS && defined HAVE_MEMORY_H
| #  include <memory.h>
| # endif
| # include <string.h>
| #endif
| #ifdef HAVE_STRINGS_H
| # include <strings.h>
| #endif
| #ifdef HAVE_INTTYPES_H
| # include <inttypes.h>
| #endif
| #ifdef HAVE_STDINT_H
| # include <stdint.h>
| #endif
| #ifdef HAVE_UNISTD_H
| # include <unistd.h>
| #endif
| #include <type_traits.h>
configure:13880: result: no
configure:13880: checking type_traits.h presence
configure:13880: g++ -E -fPIC -fstack-protector-all --param ssp-buffer-size=4 -Wstack-protector conftest.cpp
conftest.cpp:37:10: fatal error: type_traits.h: No such file or directory
 #include <type_traits.h>
          ^~~~~~~~~~~~~~~
compilation terminated.
configure:13880: $? = 1
configure: failed program was:
| /* confdefs.h */
| #define PACKAGE_NAME "PCRE"
| #define PACKAGE_TARNAME "pcre"
| #define PACKAGE_VERSION "8.45"
| #define PACKAGE_STRING "PCRE 8.45"
| #define PACKAGE_BUGREPORT ""
| #define PACKAGE_URL ""
| #define PACKAGE "pcre"
| #define VERSION "8.45"
| #define STDC_HEADERS 1
| #define HAVE_SYS_TYPES_H 1
| #define HAVE_SYS_STAT_H 1
| #define HAVE_STDLIB_H 1
| #define HAVE_STRING_H 1
| #define HAVE_MEMORY_H 1
| #define HAVE_STRINGS_H 1
| #define HAVE_INTTYPES_H 1
| #define HAVE_STDINT_H 1
| #define HAVE_UNISTD_H 1
| #define HAVE_DLFCN_H 1
| #define LT_OBJDIR ".libs/"
| #define PCRE_EXP_DECL extern __attribute__ ((visibility ("default")))
| #define PCRE_EXP_DEFN __attribute__ ((visibility ("default")))
| #define PCRE_EXP_DATA_DEFN __attribute__ ((visibility ("default")))
| #define PCREPOSIX_EXP_DECL extern __attribute__ ((visibility ("default")))
| #define PCREPOSIX_EXP_DEFN extern __attribute__ ((visibility ("default")))
| #define PCRECPP_EXP_DECL extern __attribute__ ((visibility ("default")))
| #define PCRECPP_EXP_DEFN __attribute__ ((visibility ("default")))
| #define HAVE_VISIBILITY 1
| #define STDC_HEADERS 1
| #define HAVE_LIMITS_H 1
| #define HAVE_SYS_TYPES_H 1
| #define HAVE_SYS_STAT_H 1
| #define HAVE_DIRENT_H 1
| #define HAVE_STRING 1
| /* end confdefs.h.  */
| #include <type_traits.h>
configure:13880: result: no
configure:13880: checking for type_traits.h
configure:13880: result: no
configure:13906: checking for strtoq
configure:13924: g++ -c -O2 -fPIC -fstack-protector-all --param ssp-buffer-size=4 -Wstack-protector conftest.cpp >&5
configure:13924: $? = 0
configure:13925: result: yes
configure:13942: checking for long long
configure:13942: g++ -c -O2 -fPIC -fstack-protector-all --param ssp-buffer-size=4 -Wstack-protector conftest.cpp >&5
configure:13942: $? = 0
configure:13942: g++ -c -O2 -fPIC -fstack-protector-all --param ssp-buffer-size=4 -Wstack-protector conftest.cpp >&5
conftest.cpp: In function 'int main()':
conftest.cpp:74:14: error: expected primary-expression before 'long'
 if (sizeof ((long long)))
              ^~~~
conftest.cpp:74:14: error: expected ')' before 'long'
 if (sizeof ((long long)))
             ~^~~~
              )
conftest.cpp:75:14: error: expected ')' before ';' token
      return 0;
              ^
              )
conftest.cpp:74:12: note: to match this '('
 if (sizeof ((long long)))
            ^
conftest.cpp:75:14: error: expected ')' before ';' token
      return 0;
              ^
              )
conftest.cpp:74:4: note: to match this '('
 if (sizeof ((long long)))
    ^
configure:13942: $? = 1
configure: failed program was:
| /* confdefs.h */
| #define PACKAGE_NAME "PCRE"
| #define PACKAGE_TARNAME "pcre"
| #define PACKAGE_VERSION "8.45"
| #define PACKAGE_STRING "PCRE 8.45"
| #define PACKAGE_BUGREPORT ""
| #define PACKAGE_URL ""
| #define PACKAGE "pcre"
| #define VERSION "8.45"
| #define STDC_HEADERS 1
| #define HAVE_SYS_TYPES_H 1
| #define HAVE_SYS_STAT_H 1
| #define HAVE_STDLIB_H 1
| #define HAVE_STRING_H 1
| #define HAVE_MEMORY_H 1
| #define HAVE_STRINGS_H 1
| #define HAVE_INTTYPES_H 1
| #define HAVE_STDINT_H 1
| #define HAVE_UNISTD_H 1
| #define HAVE_DLFCN_H 1
| #define LT_OBJDIR ".libs/"
| #define PCRE_EXP_DECL extern __attribute__ ((visibility ("default")))
| #define PCRE_EXP_DEFN __attribute__ ((visibility ("default")))
| #define PCRE_EXP_DATA_DEFN __attribute__ ((visibility ("default")))
| #define PCREPOSIX_EXP_DECL extern __attribute__ ((visibility ("default")))
| #define PCREPOSIX_EXP_DEFN extern __attribute__ ((visibility ("default")))
| #define PCRECPP_EXP_DECL extern __attribute__ ((visibility ("default")))
| #define PCRECPP_EXP_DEFN __attribute__ ((visibility ("default")))
| #define HAVE_VISIBILITY 1
| #define STDC_HEADERS 1
| #define HAVE_LIMITS_H 1
| #define HAVE_SYS_TYPES_H 1
| #define HAVE_SYS_STAT_H 1
| #define HAVE_DIRENT_H 1
| #define HAVE_STRING 1
| #define HAVE_STRTOQ 1
| /* end confdefs.h.  */
| #include <stdio.h>
| #ifdef HAVE_SYS_TYPES_H
| # include <sys/types.h>
| #endif
| #ifdef HAVE_SYS_STAT_H
| # include <sys/stat.h>
| #endif
| #ifdef STDC_HEADERS
| # include <stdlib.h>
| # include <stddef.h>
| #else
| # ifdef HAVE_STDLIB_H
| #  include <stdlib.h>
| # endif
| #endif
| #ifdef HAVE_STRING_H
| # if !defined STDC_HEADERS && defined HAVE_MEMORY_H
| #  include <memory.h>
| # endif
| # include <string.h>
| #endif
| #ifdef HAVE_STRINGS_H
| # include <strings.h>
| #endif
| #ifdef HAVE_INTTYPES_H
| # include <inttypes.h>
| #endif
| #ifdef HAVE_STDINT_H
| # include <stdint.h>
| #endif
| #ifdef HAVE_UNISTD_H
| # include <unistd.h>
| #endif
| int
| main ()
| {
| if (sizeof ((long long)))
| 	    return 0;
|   ;
|   return 0;
| }
configure:13942: result: yes
configure:13954: checking for unsigned long long
configure:13954: g++ -c -O2 -fPIC -fstack-protector-all --param ssp-buffer-size=4 -Wstack-protector conftest.cpp >&5
configure:13954: $? = 0
configure:13954: g++ -c -O2 -fPIC -fstack-protector-all --param ssp-buffer-size=4 -Wstack-protector conftest.cpp >&5
conftest.cpp: In function 'int main()':
conftest.cpp:75:14: error: expected primary-expression before 'unsigned'
 if (sizeof ((unsigned long long)))
              ^~~~~~~~
conftest.cpp:75:14: error: expected ')' before 'unsigned'
 if (sizeof ((unsigned long long)))
             ~^~~~~~~~
              )
conftest.cpp:76:14: error: expected ')' before ';' token
      return 0;
              ^
              )
conftest.cpp:75:12: note: to match this '('
 if (sizeof ((unsigned long long)))
            ^
conftest.cpp:76:14: error: expected ')' before ';' token
      return 0;
              ^
              )
conftest.cpp:75:4: note: to match this '('
 if (sizeof ((unsigned long long)))
    ^
configure:13954: $? = 1
configure: failed program was:
| /* confdefs.h */
| #define PACKAGE_NAME "PCRE"
| #define PACKAGE_TARNAME "pcre"
| #define PACKAGE_VERSION "8.45"
| #define PACKAGE_STRING "PCRE 8.45"
| #define PACKAGE_BUGREPORT ""
| #define PACKAGE_URL ""
| #define PACKAGE "pcre"
| #define VERSION "8.45"
| #define STDC_HEADERS 1
| #define HAVE_SYS_TYPES_H 1
| #define HAVE_SYS_STAT_H 1
| #define HAVE_STDLIB_H 1
| #define HAVE_STRING_H 1
| #define HAVE_MEMORY_H 1
| #define HAVE_STRINGS_H 1
| #define HAVE_INTTYPES_H 1
| #define HAVE_STDINT_H 1
| #define HAVE_UNISTD_H 1
| #define HAVE_DLFCN_H 1
| #define LT_OBJDIR ".libs/"
| #define PCRE_EXP_DECL extern __attribute__ ((visibility ("default")))
| #define PCRE_EXP_DEFN __attribute__ ((visibility ("default")))
| #define PCRE_EXP_DATA_DEFN __attribute__ ((visibility ("default")))
| #define PCREPOSIX_EXP_DECL extern __attribute__ ((visibility ("default")))
| #define PCREPOSIX_EXP_DEFN extern __attribute__ ((visibility ("default")))
| #define PCRECPP_EXP_DECL extern __attribute__ ((visibility ("default")))
| #define PCRECPP_EXP_DEFN __attribute__ ((visibility ("default")))
| #define HAVE_VISIBILITY 1
| #define STDC_HEADERS 1
| #define HAVE_LIMITS_H 1
| #define HAVE_SYS_TYPES_H 1
| #define HAVE_SYS_STAT_H 1
| #define HAVE_DIRENT_H 1
| #define HAVE_STRING 1
| #define HAVE_STRTOQ 1
| #define HAVE_LONG_LONG 1
| /* end confdefs.h.  */
| #include <stdio.h>
| #ifdef HAVE_SYS_TYPES_H
| # include <sys/types.h>
| #endif
| #ifdef HAVE_SYS_STAT_H
| # include <sys/stat.h>
| #endif
| #ifdef STDC_HEADERS
| # include <stdlib.h>
| # include <stddef.h>
| #else
| # ifdef HAVE_STDLIB_H
| #  include <stdlib.h>
| # endif
| #endif
| #ifdef HAVE_STRING_H
| # if !defined STDC_HEADERS && defined HAVE_MEMORY_H
| #  include <memory.h>
| # endif
| # include <string.h>
| #endif
| #ifdef HAVE_STRINGS_H
| # include <strings.h>
| #endif
| #ifdef HAVE_INTTYPES_H
| # include <inttypes.h>
| #endif
| #ifdef HAVE_STDINT_H
| # include <stdint.h>
| #endif
| #ifdef HAVE_UNISTD_H
| # include <unistd.h>
| #endif
| int
| main ()
| {
| if (sizeof ((unsigned long long)))
| 	    return 0;
|   ;
|   return 0;
| }
configure:13954: result: yes
configure:14052: checking for an ANSI C-conforming const
configure:14118: gcc -c -fPIC -fstack-protector-all --param ssp-buffer-size=4 -Wstack-protector -fPIC -fstack-protector-all --param ssp-buffer-size=4 -Wstack-protector conftest.c >&5
configure:14118: $? = 0
configure:14125: result: yes
configure:14133: checking for size_t
configure:14133: gcc -c -fPIC -fstack-protector-all --param ssp-buffer-size=4 -Wstack-protector -fPIC -fstack-protector-all --param ssp-buffer-size=4 -Wstack-protector conftest.c >&5
configure:14133: $? = 0
configure:14133: gcc -c -fPIC -fstack-protector-all --param ssp-buffer-size=4 -Wstack-protector -fPIC -fstack-protector-all --param ssp-buffer-size=4 -Wstack-protector conftest.c >&5
conftest.c: In function 'main':
conftest.c:76:21: error: expected expression before ')' token
 if (sizeof ((size_t)))
                     ^
configure:14133: $? = 1
configure: failed program was:
| /* confdefs.h */
| #define PACKAGE_NAME "PCRE"
| #define PACKAGE_TARNAME "pcre"
| #define PACKAGE_VERSION "8.45"
| #define PACKAGE_STRING "PCRE 8.45"
| #define PACKAGE_BUGREPORT ""
| #define PACKAGE_URL ""
| #define PACKAGE "pcre"
| #define VERSION "8.45"
| #define STDC_HEADERS 1
| #define HAVE_SYS_TYPES_H 1
| #define HAVE_SYS_STAT_H 1
| #define HAVE_STDLIB_H 1
| #define HAVE_STRING_H 1
| #define HAVE_MEMORY_H 1
| #define HAVE_STRINGS_H 1
| #define HAVE_INTTYPES_H 1
| #define HAVE_STDINT_H 1
| #define HAVE_UNISTD_H 1
| #define HAVE_DLFCN_H 1
| #define LT_OBJDIR ".libs/"
| #define PCRE_EXP_DECL extern __attribute__ ((visibility ("default")))
| #define PCRE_EXP_DEFN __attribute__ ((visibility ("default")))
| #define PCRE_EXP_DATA_DEFN __attribute__ ((visibility ("default")))
| #define PCREPOSIX_EXP_DECL extern __attribute__ ((visibility ("default")))
| #define PCREPOSIX_EXP_DEFN extern __attribute__ ((visibility ("default")))
| #define PCRECPP_EXP_DECL extern __attribute__ ((visibility ("default")))
| #define PCRECPP_EXP_DEFN __attribute__ ((visibility ("default")))
| #define HAVE_VISIBILITY 1
| #define STDC_HEADERS 1
| #define HAVE_LIMITS_H 1
| #define HAVE_SYS_TYPES_H 1
| #define HAVE_SYS_STAT_H 1
| #define HAVE_DIRENT_H 1
| #define HAVE_STRING 1
| #define HAVE_STRTOQ 1
| #define HAVE_LONG_LONG 1
| #define HAVE_UNSIGNED_LONG_LONG 1
| /* end confdefs.h.  */
| #include <stdio.h>
| #ifdef HAVE_SYS_TYPES_H
| # include <sys/types.h>
| #endif
| #ifdef HAVE_SYS_STAT_H
| # include <sys/stat.h>
| #endif
| #ifdef STDC_HEADERS
| # include <stdlib.h>
| # include <stddef.h>
| #else
| # ifdef HAVE_STDLIB_H
| #  include <stdlib.h>
| # endif
| #endif
| #ifdef HAVE_STRING_H
| # if !defined STDC_HEADERS && defined HAVE_MEMORY_H
| #  include <memory.h>
| # endif
| # include <string.h>
| #endif
| #ifdef HAVE_STRINGS_H
| # include <strings.h>
| #endif
| #ifdef HAVE_INTTYPES_H
| # include <inttypes.h>
| #endif
| #ifdef HAVE_STDINT_H
| # include <stdint.h>
| #endif
| #ifdef HAVE_UNISTD_H
| # include <unistd.h>
| #endif
| int
| main ()
| {
| if (sizeof ((size_t)))
| 	    return 0;
|   ;
|   return 0;
| }
configure:14133: result: yes
configure:14150: checking for bcopy
configure:14150: gcc -o conftest -fPIC -fstack-protector-all --param ssp-buffer-size=4 -Wstack-protector -fPIC -fstack-protector-all --param ssp-buffer-size=4 -Wstack-protector -Wl,-z,relro,-z,now conftest.c  >&5
conftest.c:63:6: warning: conflicting types for built-in function 'bcopy' [-Wbuiltin-declaration-mismatch]
 char bcopy ();
      ^~~~~
configure:14150: $? = 0
configure:14150: result: yes
configure:14150: checking for memmove
configure:14150: gcc -o conftest -fPIC -fstack-protector-all --param ssp-buffer-size=4 -Wstack-protector -fPIC -fstack-protector-all --param ssp-buffer-size=4 -Wstack-protector -Wl,-z,relro,-z,now conftest.c  >&5
conftest.c:64:6: warning: conflicting types for built-in function 'memmove' [-Wbuiltin-declaration-mismatch]
 char memmove ();
      ^~~~~~~
configure:14150: $? = 0
configure:14150: result: yes
configure:14150: checking for strerror
configure:14150: gcc -o conftest -fPIC -fstack-protector-all --param ssp-buffer-size=4 -Wstack-protector -fPIC -fstack-protector-all --param ssp-buffer-size=4 -Wstack-protector -Wl,-z,relro,-z,now conftest.c  >&5
configure:14150: $? = 0
configure:14150: result: yes
configure:14164: checking zlib.h usability
configure:14164: gcc -c -fPIC -fstack-protector-all --param ssp-buffer-size=4 -Wstack-protector -fPIC -fstack-protector-all --param ssp-buffer-size=4 -Wstack-protector conftest.c >&5
configure:14164: $? = 0
configure:14164: result: yes
configure:14164: checking zlib.h presence
configure:14164: gcc -E -fPIC -fstack-protector-all --param ssp-buffer-size=4 -Wstack-protector conftest.c
configure:14164: $? = 0
configure:14164: result: yes
configure:14164: checking for zlib.h
configure:14164: result: yes
configure:14174: checking for gzopen in -lz
configure:14199: gcc -o conftest -fPIC -fstack-protector-all --param ssp-buffer-size=4 -Wstack-protector -fPIC -fstack-protector-all --param ssp-buffer-size=4 -Wstack-protector -Wl,-z,relro,-z,now conftest.c -lz   >&5
configure:14199: $? = 0
configure:14208: result: yes
configure:14233: checking bzlib.h usability
configure:14233: gcc -c -fPIC -fstack-protector-all --param ssp-buffer-size=4 -Wstack-protector -fPIC -fstack-protector-all --param ssp-buffer-size=4 -Wstack-protector conftest.c >&5
configure:14233: $? = 0
configure:14233: result: yes
configure:14233: checking bzlib.h presence
configure:14233: gcc -E -fPIC -fstack-protector-all --param ssp-buffer-size=4 -Wstack-protector conftest.c
configure:14233: $? = 0
configure:14233: result: yes
configure:14233: checking for bzlib.h
configure:14233: result: yes
configure:14248: checking for libbz2
configure:14266: gcc -o conftest -fPIC -fstack-protector-all --param ssp-buffer-size=4 -Wstack-protector -fPIC -fstack-protector-all --param ssp-buffer-size=4 -Wstack-protector -Wl,-z,relro,-z,now conftest.c  -lbz2 >&5
conftest.c: In function 'main':
conftest.c:52:8: warning: cast from pointer to integer of different size [-Wpointer-to-int-cast]
 return (int)BZ2_bzopen("conftest", "rb");
        ^
configure:14266: $? = 0
configure:14267: result: yes
configure:15835: checking that generated files are newer than configure
configure:15841: result: done
configure:15908: creating ./config.status

## ---------------------- ##
## Running config.status. ##
## ---------------------- ##

This file was extended by PCRE config.status 8.45, which was
generated by GNU Autoconf 2.69.  Invocation command line was

  CONFIG_FILES    = 
  CONFIG_HEADERS  = 
  CONFIG_LINKS    = 
  CONFIG_COMMANDS = 
  $ ./config.status 

on gauss1

config.status:1246: creating Makefile
config.status:1246: creating libpcre.pc
config.status:1246: creating libpcre16.pc
config.status:1246: creating libpcre32.pc
config.status:1246: creating libpcreposix.pc
config.status:1246: creating libpcrecpp.pc
config.status:1246: creating pcre-config
config.status:1246: creating pcre.h
config.status:1246: creating pcre_stringpiece.h
config.status:1246: creating pcrecpparg.h
config.status:1246: creating config.h
config.status:1427: config.h is unchanged
config.status:1475: executing depfiles commands
config.status:1552: cd .       && sed -e '/# am--include-marker/d' Makefile         | make -f - am--depfiles
make: Nothing to be done for 'am--depfiles'.
config.status:1557: $? = 0
config.status:1475: executing libtool commands
config.status:1475: executing script-chmod commands
config.status:1475: executing delete-old-chartables commands
configure:18333: WARNING: unrecognized options: --disable-rpath

## ---------------- ##
## Cache variables. ##
## ---------------- ##

ac_cv_build=sw_64-sunway-linux-gnu
ac_cv_c_compiler_gnu=yes
ac_cv_c_const=yes
ac_cv_c_int64_t=yes
ac_cv_cxx_compiler_gnu=yes
ac_cv_env_CCC_set=
ac_cv_env_CCC_value=
ac_cv_env_CC_set=
ac_cv_env_CC_value=
ac_cv_env_CFLAGS_set=set
ac_cv_env_CFLAGS_value='-fPIC -fstack-protector-all --param ssp-buffer-size=4 -Wstack-protector'
ac_cv_env_CPPFLAGS_set=set
ac_cv_env_CPPFLAGS_value='-fPIC -fstack-protector-all --param ssp-buffer-size=4 -Wstack-protector'
ac_cv_env_CPP_set=
ac_cv_env_CPP_value=
ac_cv_env_CXXCPP_set=
ac_cv_env_CXXCPP_value=
ac_cv_env_CXXFLAGS_set=
ac_cv_env_CXXFLAGS_value=
ac_cv_env_CXX_set=
ac_cv_env_CXX_value=
ac_cv_env_GENHTML_set=
ac_cv_env_GENHTML_value=
ac_cv_env_LCOV_set=
ac_cv_env_LCOV_value=
ac_cv_env_LDFLAGS_set=set
ac_cv_env_LDFLAGS_value=-Wl,-z,relro,-z,now
ac_cv_env_LIBS_set=
ac_cv_env_LIBS_value=
ac_cv_env_LT_SYS_LIBRARY_PATH_set=
ac_cv_env_LT_SYS_LIBRARY_PATH_value=
ac_cv_env_PKG_CONFIG_LIBDIR_set=
ac_cv_env_PKG_CONFIG_LIBDIR_value=
ac_cv_env_PKG_CONFIG_PATH_set=
ac_cv_env_PKG_CONFIG_PATH_value=
ac_cv_env_PKG_CONFIG_set=
ac_cv_env_PKG_CONFIG_value=
ac_cv_env_VALGRIND_CFLAGS_set=
ac_cv_env_VALGRIND_CFLAGS_value=
ac_cv_env_VALGRIND_LIBS_set=
ac_cv_env_VALGRIND_LIBS_value=
ac_cv_env_build_alias_set=
ac_cv_env_build_alias_value=
ac_cv_env_host_alias_set=
ac_cv_env_host_alias_value=
ac_cv_env_target_alias_set=
ac_cv_env_target_alias_value=
ac_cv_func_bcopy=yes
ac_cv_func_memmove=yes
ac_cv_func_strerror=yes
ac_cv_header_bits_type_traits_h=no
ac_cv_header_bzlib_h=yes
ac_cv_header_dirent_h=yes
ac_cv_header_dlfcn_h=yes
ac_cv_header_inttypes_h=yes
ac_cv_header_limits_h=yes
ac_cv_header_memory_h=yes
ac_cv_header_stdc=yes
ac_cv_header_stdint_h=yes
ac_cv_header_stdlib_h=yes
ac_cv_header_string=yes
ac_cv_header_string_h=yes
ac_cv_header_strings_h=yes
ac_cv_header_sys_stat_h=yes
ac_cv_header_sys_types_h=yes
ac_cv_header_type_traits_h=no
ac_cv_header_unistd_h=yes
ac_cv_header_windows_h=no
ac_cv_header_zlib_h=yes
ac_cv_host=sw_64-sunway-linux-gnu
ac_cv_lib_z_gzopen=yes
ac_cv_objext=o
ac_cv_path_EGREP='/usr/bin/grep -E'
ac_cv_path_FGREP='/usr/bin/grep -F'
ac_cv_path_GREP=/usr/bin/grep
ac_cv_path_SED=/usr/bin/sed
ac_cv_path_install='/usr/bin/install -c'
ac_cv_path_lt_DD=/usr/bin/dd
ac_cv_path_mkdir=/usr/bin/mkdir
ac_cv_prog_AWK=gawk
ac_cv_prog_CPP='gcc -E'
ac_cv_prog_CXXCPP='g++ -E'
ac_cv_prog_ac_ct_AR=ar
ac_cv_prog_ac_ct_CC=gcc
ac_cv_prog_ac_ct_CXX=g++
ac_cv_prog_ac_ct_DLLTOOL=dlltool
ac_cv_prog_ac_ct_OBJDUMP=objdump
ac_cv_prog_ac_ct_RANLIB=ranlib
ac_cv_prog_ac_ct_STRIP=strip
ac_cv_prog_cc_c89=
ac_cv_prog_cc_g=yes
ac_cv_prog_cxx_g=yes
ac_cv_prog_make_make_set=yes
ac_cv_type_long_long=yes
ac_cv_type_size_t=yes
ac_cv_type_unsigned_long_long=yes
am_cv_CC_dependencies_compiler_type=gcc3
am_cv_CXX_dependencies_compiler_type=gcc3
am_cv_ar_interface=ar
am_cv_make_support_nested_variables=yes
am_cv_prog_cc_c_o=yes
lt_cv_ar_at_file=@
lt_cv_archive_cmds_need_lc=no
lt_cv_deplibs_check_method=pass_all
lt_cv_file_magic_cmd='$MAGIC_CMD'
lt_cv_file_magic_test_file=
lt_cv_ld_reload_flag=-r
lt_cv_nm_interface='BSD nm'
lt_cv_objdir=.libs
lt_cv_path_LD=/usr/bin/ld
lt_cv_path_LDCXX=/usr/bin/ld
lt_cv_path_NM='/usr/bin/nm -B'
lt_cv_path_mainfest_tool=no
lt_cv_prog_compiler_c_o=yes
lt_cv_prog_compiler_c_o_CXX=yes
lt_cv_prog_compiler_pic='-fPIC -DPIC'
lt_cv_prog_compiler_pic_CXX='-fPIC -DPIC'
lt_cv_prog_compiler_pic_works=yes
lt_cv_prog_compiler_pic_works_CXX=yes
lt_cv_prog_compiler_rtti_exceptions=no
lt_cv_prog_compiler_static_works=yes
lt_cv_prog_compiler_static_works_CXX=yes
lt_cv_prog_gnu_ld=yes
lt_cv_prog_gnu_ldcxx=yes
lt_cv_sharedlib_from_linklib_cmd='printf %s\n'
lt_cv_shlibpath_overrides_runpath=no
lt_cv_sys_global_symbol_pipe='sed -n -e '\''s/^.*[	 ]\([ABCDGIRSTW][ABCDGIRSTW]*\)[	 ][	 ]*\([_A-Za-z][_A-Za-z0-9]*\)$/\1 \2 \2/p'\'' | sed '\''/ __gnu_lto/d'\'''
lt_cv_sys_global_symbol_to_c_name_address='sed -n -e '\''s/^: \(.*\) .*$/  {"\1", (void *) 0},/p'\'' -e '\''s/^[ABCDGIRSTW][ABCDGIRSTW]* .* \(.*\)$/  {"\1", (void *) \&\1},/p'\'''
lt_cv_sys_global_symbol_to_c_name_address_lib_prefix='sed -n -e '\''s/^: \(.*\) .*$/  {"\1", (void *) 0},/p'\'' -e '\''s/^[ABCDGIRSTW][ABCDGIRSTW]* .* \(lib.*\)$/  {"\1", (void *) \&\1},/p'\'' -e '\''s/^[ABCDGIRSTW][ABCDGIRSTW]* .* \(.*\)$/  {"lib\1", (void *) \&\1},/p'\'''
lt_cv_sys_global_symbol_to_cdecl='sed -n -e '\''s/^T .* \(.*\)$/extern int \1();/p'\'' -e '\''s/^[ABCDGIRSTW][ABCDGIRSTW]* .* \(.*\)$/extern char \1;/p'\'''
lt_cv_sys_global_symbol_to_import=
lt_cv_sys_max_cmd_len=1572864
lt_cv_to_host_file_cmd=func_convert_file_noop
lt_cv_to_tool_file_cmd=func_convert_file_noop
lt_cv_truncate_bin='/usr/bin/dd bs=4096 count=1'
pcre_cv_cc_vis_werror=yes
pcre_cv_cc_visibility=yes

## ----------------- ##
## Output variables. ##
## ----------------- ##

ACLOCAL='${SHELL} /root/openGauss-third_party/dependency/pcre/pcre-8.45/missing aclocal-1.16'
AMDEPBACKSLASH='\'
AMDEP_FALSE='#'
AMDEP_TRUE=''
AMTAR='$${TAR-tar}'
AM_BACKSLASH='\'
AM_DEFAULT_V='$(AM_DEFAULT_VERBOSITY)'
AM_DEFAULT_VERBOSITY='0'
AM_V='$(V)'
AR='ar'
AS='as'
AUTOCONF='${SHELL} /root/openGauss-third_party/dependency/pcre/pcre-8.45/missing autoconf'
AUTOHEADER='${SHELL} /root/openGauss-third_party/dependency/pcre/pcre-8.45/missing autoheader'
AUTOMAKE='${SHELL} /root/openGauss-third_party/dependency/pcre/pcre-8.45/missing automake-1.16'
AWK='gawk'
CC='gcc'
CCDEPMODE='depmode=gcc3'
CFLAGS='-fPIC -fstack-protector-all --param ssp-buffer-size=4 -Wstack-protector'
CPP='gcc -E'
CPPFLAGS='-fPIC -fstack-protector-all --param ssp-buffer-size=4 -Wstack-protector'
CXX='g++'
CXXCPP='g++ -E'
CXXDEPMODE='depmode=gcc3'
CXXFLAGS='-O2'
CYGPATH_W='echo'
DEFS='-DHAVE_CONFIG_H'
DEPDIR='.deps'
DISTCHECK_CONFIGURE_FLAGS='CFLAGS='\'''\'' CXXFLAGS='\'''\'' --enable-pcre16 --enable-pcre32 --enable-jit --enable-cpp --enable-unicode-properties'
DLLTOOL='dlltool'
DSYMUTIL=''
DUMPBIN=''
ECHO_C=''
ECHO_N='-n'
ECHO_T=''
EGREP='/usr/bin/grep -E'
EXEEXT=''
EXTRA_LIBPCRE16_LDFLAGS='                         -version-info 2:13:2'
EXTRA_LIBPCRE32_LDFLAGS='                         -version-info 0:13:0'
EXTRA_LIBPCRECPP_LDFLAGS='                            -version-info 0:2:0                           '
EXTRA_LIBPCREPOSIX_LDFLAGS='                              -version-info 0:7:0'
EXTRA_LIBPCRE_LDFLAGS='                         -version-info 3:13:2'
FGREP='/usr/bin/grep -F'
GCOV_CFLAGS=''
GCOV_CXXFLAGS=''
GCOV_LIBS=''
GENHTML=''
GREP='/usr/bin/grep'
HAVE_VISIBILITY='1'
INSTALL_DATA='${INSTALL} -m 644'
INSTALL_PROGRAM='${INSTALL}'
INSTALL_SCRIPT='${INSTALL}'
INSTALL_STRIP_PROGRAM='$(install_sh) -c -s'
LCOV=''
LD='/usr/bin/ld'
LDFLAGS='-Wl,-z,relro,-z,now'
LIBBZ2=''
LIBOBJS=''
LIBREADLINE=''
LIBS=''
LIBTOOL='$(SHELL) $(top_builddir)/libtool'
LIBZ=''
LIPO=''
LN_S='ln -s'
LTLIBOBJS=''
LT_SYS_LIBRARY_PATH=''
MAKEINFO='${SHELL} /root/openGauss-third_party/dependency/pcre/pcre-8.45/missing makeinfo'
MANIFEST_TOOL=':'
MKDIR_P='/usr/bin/mkdir -p'
NM='/usr/bin/nm -B'
NMEDIT=''
OBJDUMP='objdump'
OBJEXT='o'
OTOOL64=''
OTOOL=''
PACKAGE='pcre'
PACKAGE_BUGREPORT=''
PACKAGE_NAME='PCRE'
PACKAGE_STRING='PCRE 8.45'
PACKAGE_TARNAME='pcre'
PACKAGE_URL=''
PACKAGE_VERSION='8.45'
PATH_SEPARATOR=':'
PCRE_DATE='2021-06-15'
PCRE_MAJOR='8'
PCRE_MINOR='45'
PCRE_PRERELEASE=''
PCRE_STATIC_CFLAG=''
PKG_CONFIG=''
PKG_CONFIG_LIBDIR=''
PKG_CONFIG_PATH=''
PTHREAD_CC=''
PTHREAD_CFLAGS=''
PTHREAD_LIBS=''
RANLIB='ranlib'
SED='/usr/bin/sed'
SET_MAKE=''
SHELL='/bin/sh'
SHTOOL=''
STRIP='strip'
VALGRIND_CFLAGS=''
VALGRIND_LIBS=''
VERSION='8.45'
VISIBILITY_CFLAGS='-fvisibility=hidden'
VISIBILITY_CXXFLAGS='-fvisibility=hidden -fvisibility-inlines-hidden'
WITH_GCOV_FALSE=''
WITH_GCOV_TRUE='#'
WITH_JIT_FALSE=''
WITH_JIT_TRUE='#'
WITH_PCRE16_FALSE=''
WITH_PCRE16_TRUE='#'
WITH_PCRE32_FALSE=''
WITH_PCRE32_TRUE='#'
WITH_PCRE8_FALSE='#'
WITH_PCRE8_TRUE=''
WITH_PCRE_CPP_FALSE='#'
WITH_PCRE_CPP_TRUE=''
WITH_REBUILD_CHARTABLES_FALSE=''
WITH_REBUILD_CHARTABLES_TRUE='#'
WITH_UTF_FALSE='#'
WITH_UTF_TRUE=''
WITH_VALGRIND_FALSE=''
WITH_VALGRIND_TRUE='#'
ac_ct_AR='ar'
ac_ct_CC='gcc'
ac_ct_CXX='g++'
ac_ct_DUMPBIN=''
am__EXEEXT_FALSE=''
am__EXEEXT_TRUE='#'
am__fastdepCC_FALSE='#'
am__fastdepCC_TRUE=''
am__fastdepCXX_FALSE='#'
am__fastdepCXX_TRUE=''
am__include='include'
am__isrc=''
am__leading_dot='.'
am__nodep='_no'
am__quote=''
am__tar='$${TAR-tar} chof - "$$tardir"'
am__untar='$${TAR-tar} xf -'
ax_pthread_config=''
bindir='${exec_prefix}/bin'
build='sw_64-sunway-linux-gnu'
build_alias=''
build_cpu='sw_64'
build_os='linux-gnu'
build_vendor='sunway'
datadir='${datarootdir}'
datarootdir='${prefix}/share'
docdir='${datarootdir}/doc/${PACKAGE_TARNAME}'
dvidir='${docdir}'
enable_cpp='yes'
enable_pcre16='no'
enable_pcre32='no'
enable_pcre8='yes'
exec_prefix='${prefix}'
host='sw_64-sunway-linux-gnu'
host_alias=''
host_cpu='sw_64'
host_os='linux-gnu'
host_vendor='sunway'
htmldir='${docdir}/html'
includedir='${prefix}/include'
infodir='${datarootdir}/info'
install_sh='${SHELL} /root/openGauss-third_party/dependency/pcre/pcre-8.45/install-sh'
libdir='${exec_prefix}/lib'
libexecdir='${exec_prefix}/libexec'
localedir='${datarootdir}/locale'
localstatedir='${prefix}/var'
mandir='${datarootdir}/man'
mkdir_p='$(MKDIR_P)'
oldincludedir='/usr/include'
pcre_have_bits_type_traits='0'
pcre_have_long_long='1'
pcre_have_type_traits='0'
pcre_have_ulong_long='1'
pdfdir='${docdir}'
prefix='/root/openGauss-third_party/dependency/pcre/install_comm'
program_transform_name='s,x,x,'
psdir='${docdir}'
sbindir='${exec_prefix}/sbin'
sharedstatedir='${prefix}/com'
sysconfdir='${prefix}/etc'
target_alias=''

## ----------- ##
## confdefs.h. ##
## ----------- ##

/* confdefs.h */
#define PACKAGE_NAME "PCRE"
#define PACKAGE_TARNAME "pcre"
#define PACKAGE_VERSION "8.45"
#define PACKAGE_STRING "PCRE 8.45"
#define PACKAGE_BUGREPORT ""
#define PACKAGE_URL ""
#define PACKAGE "pcre"
#define VERSION "8.45"
#define STDC_HEADERS 1
#define HAVE_SYS_TYPES_H 1
#define HAVE_SYS_STAT_H 1
#define HAVE_STDLIB_H 1
#define HAVE_STRING_H 1
#define HAVE_MEMORY_H 1
#define HAVE_STRINGS_H 1
#define HAVE_INTTYPES_H 1
#define HAVE_STDINT_H 1
#define HAVE_UNISTD_H 1
#define HAVE_DLFCN_H 1
#define LT_OBJDIR ".libs/"
#define PCRE_EXP_DECL extern __attribute__ ((visibility ("default")))
#define PCRE_EXP_DEFN __attribute__ ((visibility ("default")))
#define PCRE_EXP_DATA_DEFN __attribute__ ((visibility ("default")))
#define PCREPOSIX_EXP_DECL extern __attribute__ ((visibility ("default")))
#define PCREPOSIX_EXP_DEFN extern __attribute__ ((visibility ("default")))
#define PCRECPP_EXP_DECL extern __attribute__ ((visibility ("default")))
#define PCRECPP_EXP_DEFN __attribute__ ((visibility ("default")))
#define HAVE_VISIBILITY 1
#define STDC_HEADERS 1
#define HAVE_LIMITS_H 1
#define HAVE_SYS_TYPES_H 1
#define HAVE_SYS_STAT_H 1
#define HAVE_DIRENT_H 1
#define HAVE_STRING 1
#define HAVE_STRTOQ 1
#define HAVE_LONG_LONG 1
#define HAVE_UNSIGNED_LONG_LONG 1
#define HAVE_BCOPY 1
#define HAVE_MEMMOVE 1
#define HAVE_STRERROR 1
#define HAVE_ZLIB_H 1
#define HAVE_BZLIB_H 1
#define SUPPORT_PCRE8 /**/
#define SUPPORT_UTF /**/
#define PCREGREP_BUFSIZE 20480
#define NEWLINE 10
#define LINK_SIZE 2
#define POSIX_MALLOC_THRESHOLD 10
#define PARENS_NEST_LIMIT 250
#define MATCH_LIMIT 10000000
#define MATCH_LIMIT_RECURSION MATCH_LIMIT
#define MAX_NAME_SIZE 32
#define MAX_NAME_COUNT 10000

configure: exit 0
